Modules list:
-------------
KoalaClient.o:
    CODE              Offs=000000  Size=00061D  Align=00001  Fill=0000
    RODATA            Offs=000000  Size=00033B  Align=00001  Fill=0000
    BSS               Offs=000000  Size=00000E  Align=00001  Fill=0000
    DATA              Offs=000000  Size=00000B  Align=00001  Fill=0000
    ZEROPAGE          Offs=000000  Size=000000  Align=00001  Fill=0000
    NULL              Offs=000000  Size=000000  Align=00001  Fill=0000
C:\cc65\lib/c64.lib(_cursor.o):
    CODE              Offs=00061D  Size=000000  Align=00001  Fill=0000
    RODATA            Offs=00033B  Size=000000  Align=00001  Fill=0000
    BSS               Offs=00000E  Size=000001  Align=00001  Fill=0000
    DATA              Offs=00000B  Size=000000  Align=00001  Fill=0000
    ZEROPAGE          Offs=000000  Size=000000  Align=00001  Fill=0000
    NULL              Offs=000000  Size=000000  Align=00001  Fill=0000
C:\cc65\lib/c64.lib(_hextab.o):
    CODE              Offs=00061D  Size=000000  Align=00001  Fill=0000
    RODATA            Offs=00033B  Size=000010  Align=00001  Fill=0000
    BSS               Offs=00000F  Size=000000  Align=00001  Fill=0000
    DATA              Offs=00000B  Size=000000  Align=00001  Fill=0000
    ZEROPAGE          Offs=000000  Size=000000  Align=00001  Fill=0000
    NULL              Offs=000000  Size=000000  Align=00001  Fill=0000
C:\cc65\lib/c64.lib(_longminstr.o):
    CODE              Offs=00061D  Size=000000  Align=00001  Fill=0000
    RODATA            Offs=00034B  Size=00000C  Align=00001  Fill=0000
    BSS               Offs=00000F  Size=000000  Align=00001  Fill=0000
    DATA              Offs=00000B  Size=000000  Align=00001  Fill=0000
    ZEROPAGE          Offs=000000  Size=000000  Align=00001  Fill=0000
    NULL              Offs=000000  Size=000000  Align=00001  Fill=0000
C:\cc65\lib/c64.lib(_oserror.o):
    CODE              Offs=00061D  Size=000000  Align=00001  Fill=0000
    RODATA            Offs=000357  Size=000000  Align=00001  Fill=0000
    BSS               Offs=00000F  Size=000001  Align=00001  Fill=0000
    DATA              Offs=00000B  Size=000000  Align=00001  Fill=0000
    ZEROPAGE          Offs=000000  Size=000000  Align=00001  Fill=0000
    NULL              Offs=000000  Size=000000  Align=00001  Fill=0000
C:\cc65\lib/c64.lib(_printf.o):
    CODE              Offs=00061D  Size=0003A4  Align=00001  Fill=0000
    RODATA            Offs=000357  Size=000000  Align=00001  Fill=0000
    BSS               Offs=000010  Size=00002B  Align=00001  Fill=0000
    DATA              Offs=00000B  Size=000003  Align=00001  Fill=0000
    ZEROPAGE          Offs=000000  Size=000000  Align=00001  Fill=0000
    NULL              Offs=000000  Size=000000  Align=00001  Fill=0000
C:\cc65\lib/c64.lib(addysp.o):
    CODE              Offs=0009C1  Size=00000E  Align=00001  Fill=0000
    RODATA            Offs=000357  Size=000000  Align=00001  Fill=0000
    BSS               Offs=00003B  Size=000000  Align=00001  Fill=0000
    DATA              Offs=00000E  Size=000000  Align=00001  Fill=0000
    ZEROPAGE          Offs=000000  Size=000000  Align=00001  Fill=0000
    NULL              Offs=000000  Size=000000  Align=00001  Fill=0000
C:\cc65\lib/c64.lib(axlong.o):
    CODE              Offs=0009CF  Size=00000D  Align=00001  Fill=0000
    RODATA            Offs=000357  Size=000000  Align=00001  Fill=0000
    BSS               Offs=00003B  Size=000000  Align=00001  Fill=0000
    DATA              Offs=00000E  Size=000000  Align=00001  Fill=0000
    ZEROPAGE          Offs=000000  Size=000000  Align=00001  Fill=0000
    NULL              Offs=000000  Size=000000  Align=00001  Fill=0000
C:\cc65\lib/c64.lib(bneg.o):
    CODE              Offs=0009DC  Size=00000E  Align=00001  Fill=0000
    RODATA            Offs=000357  Size=000000  Align=00001  Fill=0000
    BSS               Offs=00003B  Size=000000  Align=00001  Fill=0000
    DATA              Offs=00000E  Size=000000  Align=00001  Fill=0000
    ZEROPAGE          Offs=000000  Size=000000  Align=00001  Fill=0000
    NULL              Offs=000000  Size=000000  Align=00001  Fill=0000
C:\cc65\lib/c64.lib(bordercolor.o):
    CODE              Offs=0009EA  Size=000008  Align=00001  Fill=0000
    RODATA            Offs=000357  Size=000000  Align=00001  Fill=0000
    BSS               Offs=00003B  Size=000000  Align=00001  Fill=0000
    DATA              Offs=00000E  Size=000000  Align=00001  Fill=0000
    ZEROPAGE          Offs=000000  Size=000000  Align=00001  Fill=0000
    NULL              Offs=000000  Size=000000  Align=00001  Fill=0000
C:\cc65\lib/c64.lib(c_close.o):
    CODE              Offs=0009F2  Size=000004  Align=00001  Fill=0000
    RODATA            Offs=000357  Size=000000  Align=00001  Fill=0000
    BSS               Offs=00003B  Size=000000  Align=00001  Fill=0000
    DATA              Offs=00000E  Size=000000  Align=00001  Fill=0000
    ZEROPAGE          Offs=000000  Size=000000  Align=00001  Fill=0000
    NULL              Offs=000000  Size=000000  Align=00001  Fill=0000
C:\cc65\lib/c64.lib(c_load.o):
    CODE              Offs=0009F6  Size=00001D  Align=00001  Fill=0000
    RODATA            Offs=000357  Size=000000  Align=00001  Fill=0000
    BSS               Offs=00003B  Size=000000  Align=00001  Fill=0000
    DATA              Offs=00000E  Size=000000  Align=00001  Fill=0000
    ZEROPAGE          Offs=000000  Size=000000  Align=00001  Fill=0000
    NULL              Offs=000000  Size=000000  Align=00001  Fill=0000
C:\cc65\lib/c64.lib(c_open.o):
    CODE              Offs=000A13  Size=000009  Align=00001  Fill=0000
    RODATA            Offs=000357  Size=000000  Align=00001  Fill=0000
    BSS               Offs=00003B  Size=000000  Align=00001  Fill=0000
    DATA              Offs=00000E  Size=000000  Align=00001  Fill=0000
    ZEROPAGE          Offs=000000  Size=000000  Align=00001  Fill=0000
    NULL              Offs=000000  Size=000000  Align=00001  Fill=0000
C:\cc65\lib/c64.lib(c_setlfs.o):
    CODE              Offs=000A1C  Size=00000E  Align=00001  Fill=0000
    RODATA            Offs=000357  Size=000000  Align=00001  Fill=0000
    BSS               Offs=00003B  Size=000000  Align=00001  Fill=0000
    DATA              Offs=00000E  Size=000000  Align=00001  Fill=0000
    ZEROPAGE          Offs=000000  Size=000000  Align=00001  Fill=0000
    NULL              Offs=000000  Size=000000  Align=00001  Fill=0000
C:\cc65\lib/c64.lib(c_setnam.o):
    CODE              Offs=000A2A  Size=000013  Align=00001  Fill=0000
    RODATA            Offs=000357  Size=000000  Align=00001  Fill=0000
    BSS               Offs=00003B  Size=000000  Align=00001  Fill=0000
    DATA              Offs=00000E  Size=000000  Align=00001  Fill=0000
    ZEROPAGE          Offs=000000  Size=000000  Align=00001  Fill=0000
    NULL              Offs=000000  Size=000000  Align=00001  Fill=0000
C:\cc65\lib/c64.lib(callmain.o):
    CODE              Offs=000A3D  Size=000017  Align=00001  Fill=0000
    RODATA            Offs=000357  Size=000000  Align=00001  Fill=0000
    BSS               Offs=00003B  Size=000000  Align=00001  Fill=0000
    DATA              Offs=00000E  Size=000004  Align=00001  Fill=0000
    ZEROPAGE          Offs=000000  Size=000000  Align=00001  Fill=0000
    NULL              Offs=000000  Size=000000  Align=00001  Fill=0000
C:\cc65\lib/c64.lib(cbm_close.o):
    CODE              Offs=000A54  Size=000000  Align=00001  Fill=0000
    RODATA            Offs=000357  Size=000000  Align=00001  Fill=0000
    BSS               Offs=00003B  Size=000000  Align=00001  Fill=0000
    DATA              Offs=000012  Size=000000  Align=00001  Fill=0000
    ZEROPAGE          Offs=000000  Size=000000  Align=00001  Fill=0000
    NULL              Offs=000000  Size=000000  Align=00001  Fill=0000
C:\cc65\lib/c64.lib(cbm_load.o):
    CODE              Offs=000A54  Size=000044  Align=00001  Fill=0000
    RODATA            Offs=000357  Size=000000  Align=00001  Fill=0000
    BSS               Offs=00003B  Size=000000  Align=00001  Fill=0000
    DATA              Offs=000012  Size=000000  Align=00001  Fill=0000
    ZEROPAGE          Offs=000000  Size=000000  Align=00001  Fill=0000
    NULL              Offs=000000  Size=000000  Align=00001  Fill=0000
C:\cc65\lib/c64.lib(cbm_open.o):
    CODE              Offs=000A98  Size=000010  Align=00001  Fill=0000
    RODATA            Offs=000357  Size=000000  Align=00001  Fill=0000
    BSS               Offs=00003B  Size=000000  Align=00001  Fill=0000
    DATA              Offs=000012  Size=000000  Align=00001  Fill=0000
    ZEROPAGE          Offs=000000  Size=000000  Align=00001  Fill=0000
    NULL              Offs=000000  Size=000000  Align=00001  Fill=0000
C:\cc65\lib/c64.lib(cbm_read.o):
    CODE              Offs=000AA8  Size=00005B  Align=00001  Fill=0000
    RODATA            Offs=000357  Size=000000  Align=00001  Fill=0000
    BSS               Offs=00003B  Size=000000  Align=00001  Fill=0000
    DATA              Offs=000012  Size=000000  Align=00001  Fill=0000
    ZEROPAGE          Offs=000000  Size=000000  Align=00001  Fill=0000
    NULL              Offs=000000  Size=000000  Align=00001  Fill=0000
C:\cc65\lib/c64.lib(cgetc.o):
    CODE              Offs=000B03  Size=000047  Align=00001  Fill=0000
    RODATA            Offs=000357  Size=000000  Align=00001  Fill=0000
    BSS               Offs=00003B  Size=000000  Align=00001  Fill=0000
    DATA              Offs=000012  Size=000000  Align=00001  Fill=0000
    ZEROPAGE          Offs=000000  Size=000000  Align=00001  Fill=0000
    NULL              Offs=000000  Size=000000  Align=00001  Fill=0000
C:\cc65\lib/c64.lib(clock.o):
    CODE              Offs=000B4A  Size=00000A  Align=00001  Fill=0000
    RODATA            Offs=000357  Size=000000  Align=00001  Fill=0000
    BSS               Offs=00003B  Size=000000  Align=00001  Fill=0000
    DATA              Offs=000012  Size=000000  Align=00001  Fill=0000
    ZEROPAGE          Offs=000000  Size=000000  Align=00001  Fill=0000
    NULL              Offs=000000  Size=000000  Align=00001  Fill=0000
C:\cc65\lib/c64.lib(clrscr.o):
    CODE              Offs=000B54  Size=000000  Align=00001  Fill=0000
    RODATA            Offs=000357  Size=000000  Align=00001  Fill=0000
    BSS               Offs=00003B  Size=000000  Align=00001  Fill=0000
    DATA              Offs=000012  Size=000000  Align=00001  Fill=0000
    ZEROPAGE          Offs=000000  Size=000000  Align=00001  Fill=0000
    NULL              Offs=000000  Size=000000  Align=00001  Fill=0000
C:\cc65\lib/c64.lib(color.o):
    CODE              Offs=000B54  Size=000010  Align=00001  Fill=0000
    RODATA            Offs=000357  Size=000000  Align=00001  Fill=0000
    BSS               Offs=00003B  Size=000000  Align=00001  Fill=0000
    DATA              Offs=000012  Size=000000  Align=00001  Fill=0000
    ZEROPAGE          Offs=000000  Size=000000  Align=00001  Fill=0000
    NULL              Offs=000000  Size=000000  Align=00001  Fill=0000
C:\cc65\lib/c64.lib(condes.o):
    CODE              Offs=000B64  Size=00000C  Align=00001  Fill=0000
    RODATA            Offs=000357  Size=000000  Align=00001  Fill=0000
    BSS               Offs=00003B  Size=000000  Align=00001  Fill=0000
    DATA              Offs=000012  Size=000025  Align=00001  Fill=0000
    ZEROPAGE          Offs=000000  Size=000000  Align=00001  Fill=0000
    NULL              Offs=000000  Size=000000  Align=00001  Fill=0000
    ONCE              Offs=000000  Size=00000C  Align=00001  Fill=0000
C:\cc65\lib/c64.lib(conio.o):
    CODE              Offs=000B70  Size=000000  Align=00001  Fill=0000
    RODATA            Offs=000357  Size=000000  Align=00001  Fill=0000
    BSS               Offs=00003B  Size=000000  Align=00001  Fill=0000
    DATA              Offs=000037  Size=000000  Align=00001  Fill=0000
    ZEROPAGE          Offs=000000  Size=000000  Align=00001  Fill=0000
    NULL              Offs=000000  Size=000000  Align=00001  Fill=0000
C:\cc65\lib/c64.lib(cprintf.o):
    CODE              Offs=000B70  Size=00002A  Align=00001  Fill=0000
    RODATA            Offs=000357  Size=000000  Align=00001  Fill=0000
    BSS               Offs=00003B  Size=000001  Align=00001  Fill=0000
    DATA              Offs=000037  Size=000000  Align=00001  Fill=0000
    ZEROPAGE          Offs=000000  Size=000000  Align=00001  Fill=0000
    NULL              Offs=000000  Size=000000  Align=00001  Fill=0000
C:\cc65\lib/c64.lib(cputc.o):
    CODE              Offs=000B9A  Size=00006D  Align=00001  Fill=0000
    RODATA            Offs=000357  Size=000000  Align=00001  Fill=0000
    BSS               Offs=00003C  Size=000000  Align=00001  Fill=0000
    DATA              Offs=000037  Size=000000  Align=00001  Fill=0000
    ZEROPAGE          Offs=000000  Size=000000  Align=00001  Fill=0000
    NULL              Offs=000000  Size=000000  Align=00001  Fill=0000
C:\cc65\lib/c64.lib(crt0.o):
    CODE              Offs=000C07  Size=000000  Align=00001  Fill=0000
    RODATA            Offs=000357  Size=000000  Align=00001  Fill=0000
    BSS               Offs=00003C  Size=000000  Align=00001  Fill=0000
    DATA              Offs=000037  Size=000000  Align=00001  Fill=0000
    ZEROPAGE          Offs=000000  Size=000000  Align=00001  Fill=0000
    NULL              Offs=000000  Size=000000  Align=00001  Fill=0000
    STARTUP           Offs=000000  Size=000033  Align=00001  Fill=0000
    ONCE              Offs=00000C  Size=00001A  Align=00001  Fill=0000
    INIT              Offs=000000  Size=00001C  Align=00001  Fill=0000
C:\cc65\lib/c64.lib(ctype.o):
    CODE              Offs=000C07  Size=000000  Align=00001  Fill=0000
    RODATA            Offs=000357  Size=00008B  Align=00001  Fill=0000
    BSS               Offs=00003C  Size=000000  Align=00001  Fill=0000
    DATA              Offs=000037  Size=000000  Align=00001  Fill=0000
    ZEROPAGE          Offs=000000  Size=000000  Align=00001  Fill=0000
    NULL              Offs=000000  Size=000000  Align=00001  Fill=0000
C:\cc65\lib/c64.lib(ctypemask.o):
    CODE              Offs=000C07  Size=00001E  Align=00001  Fill=0000
    RODATA            Offs=0003E2  Size=000000  Align=00001  Fill=0000
    BSS               Offs=00003C  Size=000000  Align=00001  Fill=0000
    DATA              Offs=000037  Size=000000  Align=00001  Fill=0000
    ZEROPAGE          Offs=000000  Size=000000  Align=00001  Fill=0000
    NULL              Offs=000000  Size=000000  Align=00001  Fill=0000
C:\cc65\lib/c64.lib(cursor.o):
    CODE              Offs=000C25  Size=00000A  Align=00001  Fill=0000
    RODATA            Offs=0003E2  Size=000000  Align=00001  Fill=0000
    BSS               Offs=00003C  Size=000000  Align=00001  Fill=0000
    DATA              Offs=000037  Size=000000  Align=00001  Fill=0000
    ZEROPAGE          Offs=000000  Size=000000  Align=00001  Fill=0000
    NULL              Offs=000000  Size=000000  Align=00001  Fill=0000
C:\cc65\lib/c64.lib(decsp1.o):
    CODE              Offs=000C2F  Size=000009  Align=00001  Fill=0000
    RODATA            Offs=0003E2  Size=000000  Align=00001  Fill=0000
    BSS               Offs=00003C  Size=000000  Align=00001  Fill=0000
    DATA              Offs=000037  Size=000000  Align=00001  Fill=0000
    ZEROPAGE          Offs=000000  Size=000000  Align=00001  Fill=0000
    NULL              Offs=000000  Size=000000  Align=00001  Fill=0000
C:\cc65\lib/c64.lib(decsp2.o):
    CODE              Offs=000C38  Size=00000D  Align=00001  Fill=0000
    RODATA            Offs=0003E2  Size=000000  Align=00001  Fill=0000
    BSS               Offs=00003C  Size=000000  Align=00001  Fill=0000
    DATA              Offs=000037  Size=000000  Align=00001  Fill=0000
    ZEROPAGE          Offs=000000  Size=000000  Align=00001  Fill=0000
    NULL              Offs=000000  Size=000000  Align=00001  Fill=0000
C:\cc65\lib/c64.lib(decsp3.o):
    CODE              Offs=000C45  Size=00000D  Align=00001  Fill=0000
    RODATA            Offs=0003E2  Size=000000  Align=00001  Fill=0000
    BSS               Offs=00003C  Size=000000  Align=00001  Fill=0000
    DATA              Offs=000037  Size=000000  Align=00001  Fill=0000
    ZEROPAGE          Offs=000000  Size=000000  Align=00001  Fill=0000
    NULL              Offs=000000  Size=000000  Align=00001  Fill=0000
C:\cc65\lib/c64.lib(decsp4.o):
    CODE              Offs=000C52  Size=00000D  Align=00001  Fill=0000
    RODATA            Offs=0003E2  Size=000000  Align=00001  Fill=0000
    BSS               Offs=00003C  Size=000000  Align=00001  Fill=0000
    DATA              Offs=000037  Size=000000  Align=00001  Fill=0000
    ZEROPAGE          Offs=000000  Size=000000  Align=00001  Fill=0000
    NULL              Offs=000000  Size=000000  Align=00001  Fill=0000
C:\cc65\lib/c64.lib(decsp5.o):
    CODE              Offs=000C5F  Size=00000D  Align=00001  Fill=0000
    RODATA            Offs=0003E2  Size=000000  Align=00001  Fill=0000
    BSS               Offs=00003C  Size=000000  Align=00001  Fill=0000
    DATA              Offs=000037  Size=000000  Align=00001  Fill=0000
    ZEROPAGE          Offs=000000  Size=000000  Align=00001  Fill=0000
    NULL              Offs=000000  Size=000000  Align=00001  Fill=0000
C:\cc65\lib/c64.lib(decsp6.o):
    CODE              Offs=000C6C  Size=00000D  Align=00001  Fill=0000
    RODATA            Offs=0003E2  Size=000000  Align=00001  Fill=0000
    BSS               Offs=00003C  Size=000000  Align=00001  Fill=0000
    DATA              Offs=000037  Size=000000  Align=00001  Fill=0000
    ZEROPAGE          Offs=000000  Size=000000  Align=00001  Fill=0000
    NULL              Offs=000000  Size=000000  Align=00001  Fill=0000
C:\cc65\lib/c64.lib(exehdr.o):
    CODE              Offs=000C79  Size=000000  Align=00001  Fill=0000
    RODATA            Offs=0003E2  Size=000000  Align=00001  Fill=0000
    BSS               Offs=00003C  Size=000000  Align=00001  Fill=0000
    DATA              Offs=000037  Size=000000  Align=00001  Fill=0000
    ZEROPAGE          Offs=000000  Size=000000  Align=00001  Fill=0000
    NULL              Offs=000000  Size=000000  Align=00001  Fill=0000
    EXEHDR            Offs=000000  Size=00000C  Align=00001  Fill=0000
C:\cc65\lib/c64.lib(gotoxy.o):
    CODE              Offs=000C79  Size=00000D  Align=00001  Fill=0000
    RODATA            Offs=0003E2  Size=000000  Align=00001  Fill=0000
    BSS               Offs=00003C  Size=000000  Align=00001  Fill=0000
    DATA              Offs=000037  Size=000000  Align=00001  Fill=0000
    ZEROPAGE          Offs=000000  Size=000000  Align=00001  Fill=0000
    NULL              Offs=000000  Size=000000  Align=00001  Fill=0000
C:\cc65\lib/c64.lib(incsp1.o):
    CODE              Offs=000C86  Size=000007  Align=00001  Fill=0000
    RODATA            Offs=0003E2  Size=000000  Align=00001  Fill=0000
    BSS               Offs=00003C  Size=000000  Align=00001  Fill=0000
    DATA              Offs=000037  Size=000000  Align=00001  Fill=0000
    ZEROPAGE          Offs=000000  Size=000000  Align=00001  Fill=0000
    NULL              Offs=000000  Size=000000  Align=00001  Fill=0000
C:\cc65\lib/c64.lib(incsp2.o):
    CODE              Offs=000C8D  Size=000016  Align=00001  Fill=0000
    RODATA            Offs=0003E2  Size=000000  Align=00001  Fill=0000
    BSS               Offs=00003C  Size=000000  Align=00001  Fill=0000
    DATA              Offs=000037  Size=000000  Align=00001  Fill=0000
    ZEROPAGE          Offs=000000  Size=000000  Align=00001  Fill=0000
    NULL              Offs=000000  Size=000000  Align=00001  Fill=0000
C:\cc65\lib/c64.lib(incsp3.o):
    CODE              Offs=000CA3  Size=000005  Align=00001  Fill=0000
    RODATA            Offs=0003E2  Size=000000  Align=00001  Fill=0000
    BSS               Offs=00003C  Size=000000  Align=00001  Fill=0000
    DATA              Offs=000037  Size=000000  Align=00001  Fill=0000
    ZEROPAGE          Offs=000000  Size=000000  Align=00001  Fill=0000
    NULL              Offs=000000  Size=000000  Align=00001  Fill=0000
C:\cc65\lib/c64.lib(incsp4.o):
    CODE              Offs=000CA8  Size=000005  Align=00001  Fill=0000
    RODATA            Offs=0003E2  Size=000000  Align=00001  Fill=0000
    BSS               Offs=00003C  Size=000000  Align=00001  Fill=0000
    DATA              Offs=000037  Size=000000  Align=00001  Fill=0000
    ZEROPAGE          Offs=000000  Size=000000  Align=00001  Fill=0000
    NULL              Offs=000000  Size=000000  Align=00001  Fill=0000
C:\cc65\lib/c64.lib(incsp5.o):
    CODE              Offs=000CAD  Size=000005  Align=00001  Fill=0000
    RODATA            Offs=0003E2  Size=000000  Align=00001  Fill=0000
    BSS               Offs=00003C  Size=000000  Align=00001  Fill=0000
    DATA              Offs=000037  Size=000000  Align=00001  Fill=0000
    ZEROPAGE          Offs=000000  Size=000000  Align=00001  Fill=0000
    NULL              Offs=000000  Size=000000  Align=00001  Fill=0000
C:\cc65\lib/c64.lib(incsp6.o):
    CODE              Offs=000CB2  Size=000005  Align=00001  Fill=0000
    RODATA            Offs=0003E2  Size=000000  Align=00001  Fill=0000
    BSS               Offs=00003C  Size=000000  Align=00001  Fill=0000
    DATA              Offs=000037  Size=000000  Align=00001  Fill=0000
    ZEROPAGE          Offs=000000  Size=000000  Align=00001  Fill=0000
    NULL              Offs=000000  Size=000000  Align=00001  Fill=0000
C:\cc65\lib/c64.lib(incsp7.o):
    CODE              Offs=000CB7  Size=000005  Align=00001  Fill=0000
    RODATA            Offs=0003E2  Size=000000  Align=00001  Fill=0000
    BSS               Offs=00003C  Size=000000  Align=00001  Fill=0000
    DATA              Offs=000037  Size=000000  Align=00001  Fill=0000
    ZEROPAGE          Offs=000000  Size=000000  Align=00001  Fill=0000
    NULL              Offs=000000  Size=000000  Align=00001  Fill=0000
C:\cc65\lib/c64.lib(itoa.o):
    CODE              Offs=000CBC  Size=000094  Align=00001  Fill=0000
    RODATA            Offs=0003E2  Size=000007  Align=00001  Fill=0000
    BSS               Offs=00003C  Size=000000  Align=00001  Fill=0000
    DATA              Offs=000037  Size=000000  Align=00001  Fill=0000
    ZEROPAGE          Offs=000000  Size=000000  Align=00001  Fill=0000
    NULL              Offs=000000  Size=000000  Align=00001  Fill=0000
C:\cc65\lib/c64.lib(kbhit.o):
    CODE              Offs=000D50  Size=000009  Align=00001  Fill=0000
    RODATA            Offs=0003E9  Size=000000  Align=00001  Fill=0000
    BSS               Offs=00003C  Size=000000  Align=00001  Fill=0000
    DATA              Offs=000037  Size=000000  Align=00001  Fill=0000
    ZEROPAGE          Offs=000000  Size=000000  Align=00001  Fill=0000
    NULL              Offs=000000  Size=000000  Align=00001  Fill=0000
C:\cc65\lib/c64.lib(kernal.o):
    CODE              Offs=000D59  Size=000000  Align=00001  Fill=0000
    RODATA            Offs=0003E9  Size=000000  Align=00001  Fill=0000
    BSS               Offs=00003C  Size=000000  Align=00001  Fill=0000
    DATA              Offs=000037  Size=000000  Align=00001  Fill=0000
    ZEROPAGE          Offs=000000  Size=000000  Align=00001  Fill=0000
    NULL              Offs=000000  Size=000000  Align=00001  Fill=0000
C:\cc65\lib/c64.lib(kplot.o):
    CODE              Offs=000D59  Size=00000B  Align=00001  Fill=0000
    RODATA            Offs=0003E9  Size=000000  Align=00001  Fill=0000
    BSS               Offs=00003C  Size=000000  Align=00001  Fill=0000
    DATA              Offs=000037  Size=000000  Align=00001  Fill=0000
    ZEROPAGE          Offs=000000  Size=000000  Align=00001  Fill=0000
    NULL              Offs=000000  Size=000000  Align=00001  Fill=0000
C:\cc65\lib/c64.lib(ladd.o):
    CODE              Offs=000D64  Size=000025  Align=00001  Fill=0000
    RODATA            Offs=0003E9  Size=000000  Align=00001  Fill=0000
    BSS               Offs=00003C  Size=000000  Align=00001  Fill=0000
    DATA              Offs=000037  Size=000000  Align=00001  Fill=0000
    ZEROPAGE          Offs=000000  Size=000000  Align=00001  Fill=0000
    NULL              Offs=000000  Size=000000  Align=00001  Fill=0000
C:\cc65\lib/c64.lib(lcmp.o):
    CODE              Offs=000D89  Size=00003B  Align=00001  Fill=0000
    RODATA            Offs=0003E9  Size=000000  Align=00001  Fill=0000
    BSS               Offs=00003C  Size=000000  Align=00001  Fill=0000
    DATA              Offs=000037  Size=000000  Align=00001  Fill=0000
    ZEROPAGE          Offs=000000  Size=000000  Align=00001  Fill=0000
    NULL              Offs=000000  Size=000000  Align=00001  Fill=0000
C:\cc65\lib/c64.lib(ldaxsp.o):
    CODE              Offs=000DC4  Size=000009  Align=00001  Fill=0000
    RODATA            Offs=0003E9  Size=000000  Align=00001  Fill=0000
    BSS               Offs=00003C  Size=000000  Align=00001  Fill=0000
    DATA              Offs=000037  Size=000000  Align=00001  Fill=0000
    ZEROPAGE          Offs=000000  Size=000000  Align=00001  Fill=0000
    NULL              Offs=000000  Size=000000  Align=00001  Fill=0000
C:\cc65\lib/c64.lib(ldeaxysp.o):
    CODE              Offs=000DCD  Size=000013  Align=00001  Fill=0000
    RODATA            Offs=0003E9  Size=000000  Align=00001  Fill=0000
    BSS               Offs=00003C  Size=000000  Align=00001  Fill=0000
    DATA              Offs=000037  Size=000000  Align=00001  Fill=0000
    ZEROPAGE          Offs=000000  Size=000000  Align=00001  Fill=0000
    NULL              Offs=000000  Size=000000  Align=00001  Fill=0000
C:\cc65\lib/c64.lib(lge.o):
    CODE              Offs=000DE0  Size=000006  Align=00001  Fill=0000
    RODATA            Offs=0003E9  Size=000000  Align=00001  Fill=0000
    BSS               Offs=00003C  Size=000000  Align=00001  Fill=0000
    DATA              Offs=000037  Size=000000  Align=00001  Fill=0000
    ZEROPAGE          Offs=000000  Size=000000  Align=00001  Fill=0000
    NULL              Offs=000000  Size=000000  Align=00001  Fill=0000
C:\cc65\lib/c64.lib(lmul.o):
    CODE              Offs=000DE6  Size=00005C  Align=00001  Fill=0000
    RODATA            Offs=0003E9  Size=000000  Align=00001  Fill=0000
    BSS               Offs=00003C  Size=000000  Align=00001  Fill=0000
    DATA              Offs=000037  Size=000000  Align=00001  Fill=0000
    ZEROPAGE          Offs=000000  Size=000000  Align=00001  Fill=0000
    NULL              Offs=000000  Size=000000  Align=00001  Fill=0000
C:\cc65\lib/c64.lib(lneg.o):
    CODE              Offs=000E42  Size=00001E  Align=00001  Fill=0000
    RODATA            Offs=0003E9  Size=000000  Align=00001  Fill=0000
    BSS               Offs=00003C  Size=000000  Align=00001  Fill=0000
    DATA              Offs=000037  Size=000000  Align=00001  Fill=0000
    ZEROPAGE          Offs=000000  Size=000000  Align=00001  Fill=0000
    NULL              Offs=000000  Size=000000  Align=00001  Fill=0000
C:\cc65\lib/c64.lib(loadaddr.o):
    CODE              Offs=000E60  Size=000000  Align=00001  Fill=0000
    RODATA            Offs=0003E9  Size=000000  Align=00001  Fill=0000
    BSS               Offs=00003C  Size=000000  Align=00001  Fill=0000
    DATA              Offs=000037  Size=000000  Align=00001  Fill=0000
    ZEROPAGE          Offs=000000  Size=000000  Align=00001  Fill=0000
    NULL              Offs=000000  Size=000000  Align=00001  Fill=0000
    LOADADDR          Offs=000000  Size=000002  Align=00001  Fill=0000
C:\cc65\lib/c64.lib(lpush.o):
    CODE              Offs=000E60  Size=000021  Align=00001  Fill=0000
    RODATA            Offs=0003E9  Size=000000  Align=00001  Fill=0000
    BSS               Offs=00003C  Size=000000  Align=00001  Fill=0000
    DATA              Offs=000037  Size=000000  Align=00001  Fill=0000
    ZEROPAGE          Offs=000000  Size=000000  Align=00001  Fill=0000
    NULL              Offs=000000  Size=000000  Align=00001  Fill=0000
C:\cc65\lib/c64.lib(lsub.o):
    CODE              Offs=000E81  Size=000027  Align=00001  Fill=0000
    RODATA            Offs=0003E9  Size=000000  Align=00001  Fill=0000
    BSS               Offs=00003C  Size=000000  Align=00001  Fill=0000
    DATA              Offs=000037  Size=000000  Align=00001  Fill=0000
    ZEROPAGE          Offs=000000  Size=000000  Align=00001  Fill=0000
    NULL              Offs=000000  Size=000000  Align=00001  Fill=0000
C:\cc65\lib/c64.lib(ltoa.o):
    CODE              Offs=000EA8  Size=000095  Align=00001  Fill=0000
    RODATA            Offs=0003E9  Size=000000  Align=00001  Fill=0000
    BSS               Offs=00003C  Size=000000  Align=00001  Fill=0000
    DATA              Offs=000037  Size=000000  Align=00001  Fill=0000
    ZEROPAGE          Offs=000000  Size=000000  Align=00001  Fill=0000
    NULL              Offs=000000  Size=000000  Align=00001  Fill=0000
C:\cc65\lib/c64.lib(makebool.o):
    CODE              Offs=000F3D  Size=00002C  Align=00001  Fill=0000
    RODATA            Offs=0003E9  Size=000000  Align=00001  Fill=0000
    BSS               Offs=00003C  Size=000000  Align=00001  Fill=0000
    DATA              Offs=000037  Size=000000  Align=00001  Fill=0000
    ZEROPAGE          Offs=000000  Size=000000  Align=00001  Fill=0000
    NULL              Offs=000000  Size=000000  Align=00001  Fill=0000
C:\cc65\lib/c64.lib(mulax10.o):
    CODE              Offs=000F69  Size=000019  Align=00001  Fill=0000
    RODATA            Offs=0003E9  Size=000000  Align=00001  Fill=0000
    BSS               Offs=00003C  Size=000000  Align=00001  Fill=0000
    DATA              Offs=000037  Size=000000  Align=00001  Fill=0000
    ZEROPAGE          Offs=000000  Size=000000  Align=00001  Fill=0000
    NULL              Offs=000000  Size=000000  Align=00001  Fill=0000
C:\cc65\lib/c64.lib(popa.o):
    CODE              Offs=000F82  Size=00000C  Align=00001  Fill=0000
    RODATA            Offs=0003E9  Size=000000  Align=00001  Fill=0000
    BSS               Offs=00003C  Size=000000  Align=00001  Fill=0000
    DATA              Offs=000037  Size=000000  Align=00001  Fill=0000
    ZEROPAGE          Offs=000000  Size=000000  Align=00001  Fill=0000
    NULL              Offs=000000  Size=000000  Align=00001  Fill=0000
C:\cc65\lib/c64.lib(popptr1.o):
    CODE              Offs=000F8E  Size=00000E  Align=00001  Fill=0000
    RODATA            Offs=0003E9  Size=000000  Align=00001  Fill=0000
    BSS               Offs=00003C  Size=000000  Align=00001  Fill=0000
    DATA              Offs=000037  Size=000000  Align=00001  Fill=0000
    ZEROPAGE          Offs=000000  Size=000000  Align=00001  Fill=0000
    NULL              Offs=000000  Size=000000  Align=00001  Fill=0000
C:\cc65\lib/c64.lib(push1.o):
    CODE              Offs=000F9C  Size=000005  Align=00001  Fill=0000
    RODATA            Offs=0003E9  Size=000000  Align=00001  Fill=0000
    BSS               Offs=00003C  Size=000000  Align=00001  Fill=0000
    DATA              Offs=000037  Size=000000  Align=00001  Fill=0000
    ZEROPAGE          Offs=000000  Size=000000  Align=00001  Fill=0000
    NULL              Offs=000000  Size=000000  Align=00001  Fill=0000
C:\cc65\lib/c64.lib(pusha.o):
    CODE              Offs=000FA1  Size=000016  Align=00001  Fill=0000
    RODATA            Offs=0003E9  Size=000000  Align=00001  Fill=0000
    BSS               Offs=00003C  Size=000000  Align=00001  Fill=0000
    DATA              Offs=000037  Size=000000  Align=00001  Fill=0000
    ZEROPAGE          Offs=000000  Size=000000  Align=00001  Fill=0000
    NULL              Offs=000000  Size=000000  Align=00001  Fill=0000
C:\cc65\lib/c64.lib(pushax.o):
    CODE              Offs=000FB7  Size=00001A  Align=00001  Fill=0000
    RODATA            Offs=0003E9  Size=000000  Align=00001  Fill=0000
    BSS               Offs=00003C  Size=000000  Align=00001  Fill=0000
    DATA              Offs=000037  Size=000000  Align=00001  Fill=0000
    ZEROPAGE          Offs=000000  Size=000000  Align=00001  Fill=0000
    NULL              Offs=000000  Size=000000  Align=00001  Fill=0000
C:\cc65\lib/c64.lib(pushwsp.o):
    CODE              Offs=000FD1  Size=00001C  Align=00001  Fill=0000
    RODATA            Offs=0003E9  Size=000000  Align=00001  Fill=0000
    BSS               Offs=00003C  Size=000000  Align=00001  Fill=0000
    DATA              Offs=000037  Size=000000  Align=00001  Fill=0000
    ZEROPAGE          Offs=000000  Size=000000  Align=00001  Fill=0000
    NULL              Offs=000000  Size=000000  Align=00001  Fill=0000
C:\cc65\lib/c64.lib(status.o):
    CODE              Offs=000FED  Size=000000  Align=00001  Fill=0000
    RODATA            Offs=0003E9  Size=000000  Align=00001  Fill=0000
    BSS               Offs=00003C  Size=000000  Align=00001  Fill=0000
    DATA              Offs=000037  Size=000000  Align=00001  Fill=0000
    ZEROPAGE          Offs=000000  Size=000000  Align=00001  Fill=0000
    NULL              Offs=000000  Size=000000  Align=00001  Fill=0000
C:\cc65\lib/c64.lib(staxsp.o):
    CODE              Offs=000FED  Size=00000B  Align=00001  Fill=0000
    RODATA            Offs=0003E9  Size=000000  Align=00001  Fill=0000
    BSS               Offs=00003C  Size=000000  Align=00001  Fill=0000
    DATA              Offs=000037  Size=000000  Align=00001  Fill=0000
    ZEROPAGE          Offs=000000  Size=000000  Align=00001  Fill=0000
    NULL              Offs=000000  Size=000000  Align=00001  Fill=0000
C:\cc65\lib/c64.lib(strcat.o):
    CODE              Offs=000FF8  Size=000031  Align=00001  Fill=0000
    RODATA            Offs=0003E9  Size=000000  Align=00001  Fill=0000
    BSS               Offs=00003C  Size=000000  Align=00001  Fill=0000
    DATA              Offs=000037  Size=000000  Align=00001  Fill=0000
    ZEROPAGE          Offs=000000  Size=000000  Align=00001  Fill=0000
    NULL              Offs=000000  Size=000000  Align=00001  Fill=0000
C:\cc65\lib/c64.lib(strcpy.o):
    CODE              Offs=001029  Size=00001F  Align=00001  Fill=0000
    RODATA            Offs=0003E9  Size=000000  Align=00001  Fill=0000
    BSS               Offs=00003C  Size=000000  Align=00001  Fill=0000
    DATA              Offs=000037  Size=000000  Align=00001  Fill=0000
    ZEROPAGE          Offs=000000  Size=000000  Align=00001  Fill=0000
    NULL              Offs=000000  Size=000000  Align=00001  Fill=0000
C:\cc65\lib/c64.lib(strlen.o):
    CODE              Offs=001048  Size=000016  Align=00001  Fill=0000
    RODATA            Offs=0003E9  Size=000000  Align=00001  Fill=0000
    BSS               Offs=00003C  Size=000000  Align=00001  Fill=0000
    DATA              Offs=000037  Size=000000  Align=00001  Fill=0000
    ZEROPAGE          Offs=000000  Size=000000  Align=00001  Fill=0000
    NULL              Offs=000000  Size=000000  Align=00001  Fill=0000
C:\cc65\lib/c64.lib(strlower.o):
    CODE              Offs=00105E  Size=000027  Align=00001  Fill=0000
    RODATA            Offs=0003E9  Size=000000  Align=00001  Fill=0000
    BSS               Offs=00003C  Size=000000  Align=00001  Fill=0000
    DATA              Offs=000037  Size=000000  Align=00001  Fill=0000
    ZEROPAGE          Offs=000000  Size=000000  Align=00001  Fill=0000
    NULL              Offs=000000  Size=000000  Align=00001  Fill=0000
C:\cc65\lib/c64.lib(subeqsp.o):
    CODE              Offs=001085  Size=000015  Align=00001  Fill=0000
    RODATA            Offs=0003E9  Size=000000  Align=00001  Fill=0000
    BSS               Offs=00003C  Size=000000  Align=00001  Fill=0000
    DATA              Offs=000037  Size=000000  Align=00001  Fill=0000
    ZEROPAGE          Offs=000000  Size=000000  Align=00001  Fill=0000
    NULL              Offs=000000  Size=000000  Align=00001  Fill=0000
C:\cc65\lib/c64.lib(vcprintf.o):
    CODE              Offs=00109A  Size=000078  Align=00001  Fill=0000
    RODATA            Offs=0003E9  Size=000000  Align=00001  Fill=0000
    BSS               Offs=00003C  Size=000000  Align=00001  Fill=0000
    DATA              Offs=000037  Size=000008  Align=00001  Fill=0000
    ZEROPAGE          Offs=000000  Size=000000  Align=00001  Fill=0000
    NULL              Offs=000000  Size=000000  Align=00001  Fill=0000
C:\cc65\lib/c64.lib(zerobss.o):
    CODE              Offs=001112  Size=000023  Align=00001  Fill=0000
    RODATA            Offs=0003E9  Size=000000  Align=00001  Fill=0000
    BSS               Offs=00003C  Size=000000  Align=00001  Fill=0000
    DATA              Offs=00003F  Size=000000  Align=00001  Fill=0000
    ZEROPAGE          Offs=000000  Size=000000  Align=00001  Fill=0000
    NULL              Offs=000000  Size=000000  Align=00001  Fill=0000
C:\cc65\lib/c64.lib(zeropage.o):
    CODE              Offs=001135  Size=000000  Align=00001  Fill=0000
    RODATA            Offs=0003E9  Size=000000  Align=00001  Fill=0000
    BSS               Offs=00003C  Size=000000  Align=00001  Fill=0000
    DATA              Offs=00003F  Size=000000  Align=00001  Fill=0000
    ZEROPAGE          Offs=000000  Size=00001A  Align=00001  Fill=0000
    NULL              Offs=000000  Size=000000  Align=00001  Fill=0000


Segment list:
-------------
Name                   Start     End    Size  Align
----------------------------------------------------
NULL                  000000  000000  000000  00001
ZEROPAGE              000002  00001B  00001A  00001
LOADADDR              0007FF  000800  000002  00001
EXEHDR                000801  00080C  00000C  00001
STARTUP               00080D  00083F  000033  00001
CODE                  000840  001974  001135  00001
RODATA                001975  001D5D  0003E9  00001
DATA                  001D5E  001D9C  00003F  00001
INIT                  001D9D  001DB8  00001C  00001
BSS                   001DB9  001DF4  00003C  00001
ONCE                  001DB9  001DDE  000026  00001


Exports list by name:
---------------------
ACPTR                     00FFA5  LA    BASIN                     00FFCF RLA    
BSOUT                     00FFD2 RLA    CHKIN                     00FFC6 RLA    
CHRIN                     00FFCF  LA    CHROUT                    00FFD2  LA    
CINT                      00FF81  LA    CIOUT                     00FFA8  LA    
CKOUT                     00FFC9  LA    CLALL                     00FFE7  LA    
CLOSE                     00FFC3 RLA    CLRCH                     00FFCC RLA    
CLRSCR                    00E544  LA    CURS_X                    0000D3 RLZ    
CURS_Y                    0000D6 RLZ    GETIN                     00FFE4  LA    
IOBASE                    00FFF3  LA    IOINIT                    00FF84  LA    
KBDREAD                   00E5B4  LA    LISTEN                    00FFB1  LA    
LOAD                      00FFD5 RLA    MEMBOT                    00FF9C  LA    
MEMTOP                    00FF99  LA    NMIEXIT                   00FEBC  LA    
OPEN                      00FFC0 RLA    PLOT                      001599 RLA    
RAMTAS                    00FF87  LA    RDTIM                     00FFDE RLA    
READST                    00FFB7 RLA    RESTOR                    00FF8A  LA    
SAVE                      00FFD8  LA    SCNKEY                    00FF9F  LA    
SCREEN                    00FFED  LA    SECOND                    00FF93  LA    
SETLFS                    00FFBA RLA    SETMSG                    00FF90  LA    
SETNAM                    00FFBD RLA    SETTIM                    00FFDB  LA    
SETTMO                    00FFA2  LA    ST                        000090 RLZ    
STOP                      00FFE1  LA    TALK                      00FFB4  LA    
TKSA                      00FF96  LA    UDTIM                     00FFEA  LA    
UNLSN                     00FFAE  LA    UNTLK                     00FFAB  LA    
UPDCRAMPTR                00EA24  LA    VECTOR                    00FF8D  LA    
_LoadKoalaPictureAndDisplay 0008CE  LA    __BSS_LOAD__              001DB9  LA    
__BSS_RUN__               001DB9 RLA    __BSS_SIZE__              00003C REA    
__CONSTRUCTOR_COUNT__     000000 REA    __CONSTRUCTOR_TABLE__     001DDF RLA    
__DESTRUCTOR_COUNT__      000000 REA    __DESTRUCTOR_TABLE__      001D5E RLA    
__EXEHDR__                000001 REA    __HEADER_FILEOFFS__       000002  EA    
__HEADER_LAST__           00080D RLA    __HEADER_SIZE__           00000D  EA    
__HEADER_START__          000801  LA    __HIMEM__                 00D000 REA    
__KOALA_FILEOFFS__        000000  EA    __KOALA_LAST__            002000  LA    
__KOALA_SIZE__            001F40  EA    __KOALA_START__           002000  LA    
__KOALA__                 002000 REA    __LOADADDR__              000001 REA    
__MAIN_FILEOFFS__         00000E  EA    __MAIN_LAST__             001DDF  LA    
__MAIN_SIZE__             0017F3 REA    __MAIN_START__            00080D RLA    
__ONCE_LOAD__             001DB9  LA    __ONCE_RUN__              001DB9 RLA    
__ONCE_SIZE__             000026  EA    __STACKSIZE__             000800 REA    
__STARTUP__               000001 REA    __ZP_FILEOFFS__           000000  EA    
__ZP_LAST__               00001C  LA    __ZP_SIZE__               00001A  EA    
__ZP_START__              000002  LA    ___oserror                001DC8 RLA    
__argc                    001D6C  LA    __argv                    001D6E  LA    
__ctype                   001CCC RLA    __ctypeidx                001CD7 RLA    
__hextab                  001CB0 RLA    __longminstr              001CC0 RLA    
__printf                  000F50 RLA    _bgcolor                  00139C RLA    
_blank_on_load            001D64  LA    _blank_screen             000A25  LA    
_bordercolor              00122A RLA    _cbm_close                001232 REA    
_cbm_k_close              001232 RLA    _cbm_k_load               001236 RLA    
_cbm_k_open               001253 RLA    _cbm_k_setlfs             00125C RLA    
_cbm_k_setnam             00126A RLA    _cbm_load                 001294 RLA    
_cbm_open                 0012D8 RLA    _cbm_read                 0012E8 RLA    
_cgetc                    001343 RLA    _clock                    00138A RLA    
_clrscr                   00E544 REA    _cprintf                  0013B0 RLA    
_cputc                    0013DF RLA    _cputcxy                  0013DA  LA    
_cursor                   001465 RLA    _dev                      001D5E  LA    
_display_loop             000D49  LA    _error                    0008AF  LA    
_exit                     000825  LA    _gotoxy                   0014BC RLA    
_image_count              001D5F  LA    _index                    001D61  LA    
_index_direction          001D63  LA    _init_count               000B60  LA    
_input_int                000A50  LA    _itoa                     00151A RLA    
_kbhit                    001590 RLA    _koala_screen             000A30  LA    
_loadtoram                000840  LA    _ltoa                     001700 RLA    
_main                     000E1F RLA    _mode                     001D66  LA    
_numbuf                   001DBB  LA    _path                     001DB9  LA    
_pause_on_shift           000B14  LA    _quit                     001D65  LA    
_result                   001DC5  LA    _show_menu                000BB4  LA    
_sleep_or_key             000AC2  LA    _strcat                   001838 RLA    
_strcpy                   001869 RLA    _strlen                   001888 RLA    
_strlower                 00189E RLA    _strlwr                   00189E  LA    
_text_screen              000A40  LA    _textcolor                001394 RLA    
_timeout                  001D67  LA    _ultoa                    001741 RLA    
_update_index             000B1A  LA    _utoa                     00155C  LA    
_vcprintf                 001922 RLA    addysp                    001202 RLA    
addysp1                   001201 RLA    axlong                    00120F RLA    
axulong                   001215 RLA    bnega                     001220 RLA    
bnegax                    00121C  LA    booleq                    001783 RLA    
boolge                    001794 RLA    boolgt                    001792  LA    
boolle                    00178A  LA    boollt                    00178C  LA    
boolne                    00177D  LA    booluge                   0017A4  LA    
boolugt                   0017A2  LA    boolule                   00179A  LA    
boolult                   00179C  LA    callmain                  00127D RLA    
condes                    001D70  LA    cputdirect                0013FE  LA    
ctypemask                 001447  LA    ctypemaskdirect           00144B RLA    
cursor                    001DC7 RLA    decsp1                    00146F RLA    
decsp2                    001478 RLA    decsp3                    001485 RLA    
decsp4                    001492 RLA    decsp5                    00149F RLA    
decsp6                    0014AC RLA    donelib                   0013A4 RLA    
gotoxy                    0014B9 RLA    incsp1                    0014C6 RLA    
incsp2                    0014D5 RLA    incsp3                    0014E3 RLA    
incsp4                    0014E8 RLA    incsp5                    0014ED RLA    
incsp6                    0014F2 RLA    incsp7                    0014F7 RLA    
initlib                   001DB9 RLA    ldax0sp                   001604  LA    
ldaxysp                   001606 RLA    ldeax0sp                  00160D RLA    
ldeaxysp                  00160F  LA    mulax10                   0017A9 RLA    
negeax                    001682 RLA    newline                   00140E  LA    
plot                      001433 RLA    popa                      0017C2 RLA    
popax                     0014CD RLA    popptr1                   0017CE RLA    
ptr1                      00000A RLZ    ptr2                      00000C RLZ    
ptr3                      00000E RLZ    ptr4                      000010 RLZ    
push0                     0017F7 RLA    push0ax                   0016A3 RLA    
push1                     0017DC RLA    pusha                     0017E5 RLA    
pusha0                    0017F9 RLA    pusha0sp                  0017E1  LA    
pushax                    0017FB RLA    pushaysp                  0017E3  LA    
pusheax                   0016A9 RLA    pushl0                    0016A0  LA    
pushw0sp                  001811  LA    pushwysp                  001813 RLA    
putchar                   00143B  LA    regbank                   000016 RLZ    
regsave                   000006  LZ    sp                        000002 RLZ    
sreg                      000004 RLZ    stax0sp                   00182D RLA    
staxysp                   00182F RLA    subeq0sp                  0018C5  LA    
subeqysp                  0018C7 RLA    tmp1                      000012 RLZ    
tmp2                      000013 RLZ    tmp3                      000014 RLZ    
tmp4                      000015 RLZ    tosadd0ax                 0015A4  LA    
tosaddeax                 0015AA RLA    tosgeeax                  001620 RLA    
toslcmp                   0015C9 RLA    tosmul0ax                 001626  LA    
tosmuleax                 00162C  LA    tossub0ax                 0016C1  LA    
tossubeax                 0016C7 RLA    tosumul0ax                001626 RLA    
tosumuleax                00162C  LA    zerobss                   001952 RLA    



Exports list by value:
----------------------
__KOALA_FILEOFFS__        000000  EA    __ZP_FILEOFFS__           000000  EA    
__DESTRUCTOR_COUNT__      000000 REA    __CONSTRUCTOR_COUNT__     000000 REA    
__STARTUP__               000001 REA    __LOADADDR__              000001 REA    
__EXEHDR__                000001 REA    sp                        000002 RLZ    
__HEADER_FILEOFFS__       000002  EA    __ZP_START__              000002  LA    
sreg                      000004 RLZ    regsave                   000006  LZ    
ptr1                      00000A RLZ    ptr2                      00000C RLZ    
__HEADER_SIZE__           00000D  EA    ptr3                      00000E RLZ    
__MAIN_FILEOFFS__         00000E  EA    ptr4                      000010 RLZ    
tmp1                      000012 RLZ    tmp2                      000013 RLZ    
tmp3                      000014 RLZ    tmp4                      000015 RLZ    
regbank                   000016 RLZ    __ZP_SIZE__               00001A  EA    
__ZP_LAST__               00001C  LA    __ONCE_SIZE__             000026  EA    
__BSS_SIZE__              00003C REA    ST                        000090 RLZ    
CURS_X                    0000D3 RLZ    CURS_Y                    0000D6 RLZ    
__STACKSIZE__             000800 REA    __HEADER_START__          000801  LA    
__HEADER_LAST__           00080D RLA    __MAIN_START__            00080D RLA    
_exit                     000825  LA    _loadtoram                000840  LA    
_error                    0008AF  LA    _LoadKoalaPictureAndDisplay 0008CE  LA    
_blank_screen             000A25  LA    _koala_screen             000A30  LA    
_text_screen              000A40  LA    _input_int                000A50  LA    
_sleep_or_key             000AC2  LA    _pause_on_shift           000B14  LA    
_update_index             000B1A  LA    _init_count               000B60  LA    
_show_menu                000BB4  LA    _display_loop             000D49  LA    
_main                     000E1F RLA    __printf                  000F50 RLA    
addysp1                   001201 RLA    addysp                    001202 RLA    
axlong                    00120F RLA    axulong                   001215 RLA    
bnegax                    00121C  LA    bnega                     001220 RLA    
_bordercolor              00122A RLA    _cbm_close                001232 REA    
_cbm_k_close              001232 RLA    _cbm_k_load               001236 RLA    
_cbm_k_open               001253 RLA    _cbm_k_setlfs             00125C RLA    
_cbm_k_setnam             00126A RLA    callmain                  00127D RLA    
_cbm_load                 001294 RLA    _cbm_open                 0012D8 RLA    
_cbm_read                 0012E8 RLA    _cgetc                    001343 RLA    
_clock                    00138A RLA    _textcolor                001394 RLA    
_bgcolor                  00139C RLA    donelib                   0013A4 RLA    
_cprintf                  0013B0 RLA    _cputcxy                  0013DA  LA    
_cputc                    0013DF RLA    cputdirect                0013FE  LA    
newline                   00140E  LA    plot                      001433 RLA    
putchar                   00143B  LA    ctypemask                 001447  LA    
ctypemaskdirect           00144B RLA    _cursor                   001465 RLA    
decsp1                    00146F RLA    decsp2                    001478 RLA    
decsp3                    001485 RLA    decsp4                    001492 RLA    
decsp5                    00149F RLA    decsp6                    0014AC RLA    
gotoxy                    0014B9 RLA    _gotoxy                   0014BC RLA    
incsp1                    0014C6 RLA    popax                     0014CD RLA    
incsp2                    0014D5 RLA    incsp3                    0014E3 RLA    
incsp4                    0014E8 RLA    incsp5                    0014ED RLA    
incsp6                    0014F2 RLA    incsp7                    0014F7 RLA    
_itoa                     00151A RLA    _utoa                     00155C  LA    
_kbhit                    001590 RLA    PLOT                      001599 RLA    
tosadd0ax                 0015A4  LA    tosaddeax                 0015AA RLA    
toslcmp                   0015C9 RLA    ldax0sp                   001604  LA    
ldaxysp                   001606 RLA    ldeax0sp                  00160D RLA    
ldeaxysp                  00160F  LA    tosgeeax                  001620 RLA    
tosmul0ax                 001626  LA    tosumul0ax                001626 RLA    
tosmuleax                 00162C  LA    tosumuleax                00162C  LA    
negeax                    001682 RLA    pushl0                    0016A0  LA    
push0ax                   0016A3 RLA    pusheax                   0016A9 RLA    
tossub0ax                 0016C1  LA    tossubeax                 0016C7 RLA    
_ltoa                     001700 RLA    _ultoa                    001741 RLA    
boolne                    00177D  LA    booleq                    001783 RLA    
boolle                    00178A  LA    boollt                    00178C  LA    
boolgt                    001792  LA    boolge                    001794 RLA    
boolule                   00179A  LA    boolult                   00179C  LA    
boolugt                   0017A2  LA    booluge                   0017A4  LA    
mulax10                   0017A9 RLA    popa                      0017C2 RLA    
popptr1                   0017CE RLA    push1                     0017DC RLA    
pusha0sp                  0017E1  LA    pushaysp                  0017E3  LA    
pusha                     0017E5 RLA    __MAIN_SIZE__             0017F3 REA    
push0                     0017F7 RLA    pusha0                    0017F9 RLA    
pushax                    0017FB RLA    pushw0sp                  001811  LA    
pushwysp                  001813 RLA    stax0sp                   00182D RLA    
staxysp                   00182F RLA    _strcat                   001838 RLA    
_strcpy                   001869 RLA    _strlen                   001888 RLA    
_strlower                 00189E RLA    _strlwr                   00189E  LA    
subeq0sp                  0018C5  LA    subeqysp                  0018C7 RLA    
_vcprintf                 001922 RLA    zerobss                   001952 RLA    
__hextab                  001CB0 RLA    __longminstr              001CC0 RLA    
__ctype                   001CCC RLA    __ctypeidx                001CD7 RLA    
__DESTRUCTOR_TABLE__      001D5E RLA    _dev                      001D5E  LA    
_image_count              001D5F  LA    _index                    001D61  LA    
_index_direction          001D63  LA    _blank_on_load            001D64  LA    
_quit                     001D65  LA    _mode                     001D66  LA    
_timeout                  001D67  LA    __argc                    001D6C  LA    
__argv                    001D6E  LA    condes                    001D70  LA    
_path                     001DB9  LA    initlib                   001DB9 RLA    
__BSS_LOAD__              001DB9  LA    __BSS_RUN__               001DB9 RLA    
__ONCE_LOAD__             001DB9  LA    __ONCE_RUN__              001DB9 RLA    
_numbuf                   001DBB  LA    _result                   001DC5  LA    
cursor                    001DC7 RLA    ___oserror                001DC8 RLA    
__CONSTRUCTOR_TABLE__     001DDF RLA    __MAIN_LAST__             001DDF  LA    
__KOALA_SIZE__            001F40  EA    __KOALA__                 002000 REA    
__KOALA_START__           002000  LA    __KOALA_LAST__            002000  LA    
__HIMEM__                 00D000 REA    _clrscr                   00E544 REA    
CLRSCR                    00E544  LA    KBDREAD                   00E5B4  LA    
UPDCRAMPTR                00EA24  LA    NMIEXIT                   00FEBC  LA    
CINT                      00FF81  LA    IOINIT                    00FF84  LA    
RAMTAS                    00FF87  LA    RESTOR                    00FF8A  LA    
VECTOR                    00FF8D  LA    SETMSG                    00FF90  LA    
SECOND                    00FF93  LA    TKSA                      00FF96  LA    
MEMTOP                    00FF99  LA    MEMBOT                    00FF9C  LA    
SCNKEY                    00FF9F  LA    SETTMO                    00FFA2  LA    
ACPTR                     00FFA5  LA    CIOUT                     00FFA8  LA    
UNTLK                     00FFAB  LA    UNLSN                     00FFAE  LA    
LISTEN                    00FFB1  LA    TALK                      00FFB4  LA    
READST                    00FFB7 RLA    SETLFS                    00FFBA RLA    
SETNAM                    00FFBD RLA    OPEN                      00FFC0 RLA    
CLOSE                     00FFC3 RLA    CHKIN                     00FFC6 RLA    
CKOUT                     00FFC9  LA    CLRCH                     00FFCC RLA    
BASIN                     00FFCF RLA    CHRIN                     00FFCF  LA    
BSOUT                     00FFD2 RLA    CHROUT                    00FFD2  LA    
LOAD                      00FFD5 RLA    SAVE                      00FFD8  LA    
SETTIM                    00FFDB  LA    RDTIM                     00FFDE RLA    
STOP                      00FFE1  LA    GETIN                     00FFE4  LA    
CLALL                     00FFE7  LA    UDTIM                     00FFEA  LA    
SCREEN                    00FFED  LA    IOBASE                    00FFF3  LA    



Imports list:
-------------
ACPTR (kernal.o):
BASIN (kernal.o):
    cbm_read.o                cbm/cbm.inc:47
BSOUT (kernal.o):
    crt0.o                    c64/crt0.s:10
CHKIN (kernal.o):
    cbm_read.o                cbm/cbm.inc:44
CHRIN (kernal.o):
CHROUT (kernal.o):
CINT (kernal.o):
CIOUT (kernal.o):
CKOUT (kernal.o):
CLALL (kernal.o):
CLOSE (kernal.o):
    c_close.o                 cbm/cbm.inc:36
CLRCH (kernal.o):
    cbm_read.o                cbm/cbm.inc:46
CLRSCR (kernal.o):
CURS_X (conio.o):
    gotoxy.o                  cbm/gotoxy.s:9
CURS_Y (conio.o):
    gotoxy.o                  cbm/gotoxy.s:9
GETIN (kernal.o):
IOBASE (kernal.o):
IOINIT (kernal.o):
KBDREAD (kernal.o):
LISTEN (kernal.o):
LOAD (kernal.o):
    c_load.o                  cbm/cbm.inc:37
MEMBOT (kernal.o):
MEMTOP (kernal.o):
NMIEXIT (kernal.o):
OPEN (kernal.o):
    c_open.o                  cbm/cbm.inc:35
PLOT (kplot.o):
    cputc.o                   c64/cputc.s:11
RAMTAS (kernal.o):
RDTIM (kernal.o):
    clock.o                   cbm/cbm.inc:40
READST (kernal.o):
    cbm_read.o                cbm/cbm.inc:32
RESTOR (kernal.o):
SAVE (kernal.o):
SCNKEY (kernal.o):
SCREEN (kernal.o):
SECOND (kernal.o):
SETLFS (kernal.o):
    c_setlfs.o                cbm/cbm.inc:33
SETMSG (kernal.o):
SETNAM (kernal.o):
    c_setnam.o                cbm/cbm.inc:34
SETTIM (kernal.o):
SETTMO (kernal.o):
ST (status.o):
    crt0.o                    c64/crt0.s:13
STOP (kernal.o):
TALK (kernal.o):
TKSA (kernal.o):
UDTIM (kernal.o):
UNLSN (kernal.o):
UNTLK (kernal.o):
UPDCRAMPTR (kernal.o):
VECTOR (kernal.o):
_LoadKoalaPictureAndDisplay (KoalaClient.o):
__BSS_LOAD__ ([linker generated]):
__BSS_RUN__ ([linker generated]):
    zerobss.o                 common/zerobss.s:8
__BSS_SIZE__ ([linker generated]):
    zerobss.o                 common/zerobss.s:8
__CONSTRUCTOR_COUNT__ ([linker generated]):
    condes.o                  runtime/condes.s:18
__CONSTRUCTOR_TABLE__ ([linker generated]):
    condes.o                  runtime/condes.s:18
__DESTRUCTOR_COUNT__ ([linker generated]):
    condes.o                  runtime/condes.s:19
__DESTRUCTOR_TABLE__ ([linker generated]):
    condes.o                  runtime/condes.s:19
__EXEHDR__ (exehdr.o):
    [linker generated]        c64-koala.cfg:6
__HEADER_FILEOFFS__ ([linker generated]):
__HEADER_LAST__ ([linker generated]):
    [linker generated]        c64-koala.cfg:15
    [linker generated]        c64-koala.cfg:15
__HEADER_SIZE__ ([linker generated]):
__HEADER_START__ ([linker generated]):
__HIMEM__ ([linker generated]):
    [linker generated]        c64-koala.cfg:17
__KOALA_FILEOFFS__ ([linker generated]):
__KOALA_LAST__ ([linker generated]):
__KOALA_SIZE__ ([linker generated]):
__KOALA_START__ ([linker generated]):
__KOALA__ ([linker generated]):
    [linker generated]        c64-koala.cfg:16
    [linker generated]        c64-koala.cfg:15
__LOADADDR__ (loadaddr.o):
    [linker generated]        c64-koala.cfg:5
__MAIN_FILEOFFS__ ([linker generated]):
__MAIN_LAST__ ([linker generated]):
__MAIN_SIZE__ ([linker generated]):
    crt0.o                    c64/crt0.s:11
__MAIN_START__ ([linker generated]):
    crt0.o                    c64/crt0.s:11
__ONCE_LOAD__ ([linker generated]):
__ONCE_RUN__ ([linker generated]):
    [linker generated]        c64-koala.cfg:17
    [linker generated]        c64-koala.cfg:17
__ONCE_SIZE__ ([linker generated]):
__STACKSIZE__ ([linker generated]):
    [linker generated]        c64-koala.cfg:17
__STARTUP__ (crt0.o):
    KoalaClient.o             KoalaClient.s:13
__ZP_FILEOFFS__ ([linker generated]):
__ZP_LAST__ ([linker generated]):
__ZP_SIZE__ ([linker generated]):
__ZP_START__ ([linker generated]):
___oserror (_oserror.o):
    c_load.o                  cbm/c_load.s:10
    cbm_read.o                cbm/cbm_read.s:44
    cbm_open.o                cbm/cbm_open.s:26
__argc (callmain.o):
__argv (callmain.o):
__ctype (ctype.o):
    ctypemask.o               common/ctypemask.s:23
__ctypeidx (ctype.o):
    ctypemask.o               common/ctypemask.s:24
__hextab (_hextab.o):
    ltoa.o                    common/ltoa.s:10
    itoa.o                    common/itoa.s:10
__longminstr (_longminstr.o):
    ltoa.o                    common/ltoa.s:10
__printf (_printf.o):
    vcprintf.o                conio/vcprintf.s:9
_bgcolor (color.o):
    KoalaClient.o             KoalaClient.s:25
_blank_on_load (KoalaClient.o):
_blank_screen (KoalaClient.o):
_bordercolor (bordercolor.o):
    KoalaClient.o             KoalaClient.s:26
_cbm_close (cbm_close.o):
    KoalaClient.o             KoalaClient.s:16
_cbm_k_close (c_close.o):
    cbm_close.o               cbm/cbm_close.s:7
_cbm_k_load (c_load.o):
    cbm_load.o                ../libwrk/c64/cbm_load.s:24
_cbm_k_open (c_open.o):
    cbm_open.o                cbm/cbm_open.s:25
_cbm_k_setlfs (c_setlfs.o):
    cbm_open.o                cbm/cbm_open.s:25
    cbm_load.o                ../libwrk/c64/cbm_load.s:25
_cbm_k_setnam (c_setnam.o):
    cbm_open.o                cbm/cbm_open.s:25
    cbm_load.o                ../libwrk/c64/cbm_load.s:26
_cbm_load (cbm_load.o):
    KoalaClient.o             KoalaClient.s:14
_cbm_open (cbm_open.o):
    KoalaClient.o             KoalaClient.s:15
_cbm_read (cbm_read.o):
    KoalaClient.o             KoalaClient.s:17
_cgetc (cgetc.o):
    KoalaClient.o             KoalaClient.s:22
_clock (clock.o):
    KoalaClient.o             KoalaClient.s:30
_clrscr (clrscr.o):
    KoalaClient.o             KoalaClient.s:18
_cprintf (cprintf.o):
    KoalaClient.o             KoalaClient.s:21
_cputc (cputc.o):
    vcprintf.o                conio/vcprintf.s:9
_cputcxy (cputc.o):
_cursor (cursor.o):
    KoalaClient.o             KoalaClient.s:23
_dev (KoalaClient.o):
_display_loop (KoalaClient.o):
_error (KoalaClient.o):
_exit (crt0.o):
_gotoxy (gotoxy.o):
    KoalaClient.o             KoalaClient.s:20
_image_count (KoalaClient.o):
_index (KoalaClient.o):
_index_direction (KoalaClient.o):
_init_count (KoalaClient.o):
_input_int (KoalaClient.o):
_itoa (itoa.o):
    KoalaClient.o             KoalaClient.s:27
_kbhit (kbhit.o):
    KoalaClient.o             KoalaClient.s:19
_koala_screen (KoalaClient.o):
_loadtoram (KoalaClient.o):
_ltoa (ltoa.o):
    _printf.o                 common/_printf.s:12
_main (KoalaClient.o):
    callmain.o                runtime/callmain.s:11
_mode (KoalaClient.o):
_numbuf (KoalaClient.o):
_path (KoalaClient.o):
_pause_on_shift (KoalaClient.o):
_quit (KoalaClient.o):
_result (KoalaClient.o):
_show_menu (KoalaClient.o):
_sleep_or_key (KoalaClient.o):
_strcat (strcat.o):
    KoalaClient.o             KoalaClient.s:28
_strcpy (strcpy.o):
    KoalaClient.o             KoalaClient.s:29
_strlen (strlen.o):
    _printf.o                 common/_printf.s:13
_strlower (strlower.o):
    _printf.o                 common/_printf.s:13
_strlwr (strlower.o):
_text_screen (KoalaClient.o):
_textcolor (color.o):
    KoalaClient.o             KoalaClient.s:24
_timeout (KoalaClient.o):
_ultoa (ltoa.o):
    _printf.o                 common/_printf.s:12
_update_index (KoalaClient.o):
_utoa (itoa.o):
_vcprintf (vcprintf.o):
    cprintf.o                 conio/cprintf.s:8
addysp (addysp.o):
    incsp7.o                  runtime/incsp7.s:8
    incsp6.o                  runtime/incsp6.s:8
    incsp5.o                  runtime/incsp5.s:8
    incsp4.o                  runtime/incsp4.s:8
    incsp3.o                  runtime/incsp3.s:8
    cprintf.o                 conio/cprintf.s:8
addysp1 (addysp.o):
    lsub.o                    runtime/lsub.s:11
    lmul.o                    runtime/lmul.s:9
    ladd.o                    runtime/ladd.s:8
    itoa.o                    common/itoa.s:9
axlong (axlong.o):
    _printf.o                 common/_printf.s:11
axulong (axlong.o):
    _printf.o                 common/_printf.s:11
bnega (bneg.o):
    KoalaClient.o             KoalaClient.s:1050
bnegax (bneg.o):
booleq (makebool.o):
    cbm_load.o                ../libwrk/c64/cbm_load.s:83
boolge (makebool.o):
    lge.o                     runtime/lge.s:8
boolgt (makebool.o):
boolle (makebool.o):
boollt (makebool.o):
boolne (makebool.o):
booluge (makebool.o):
boolugt (makebool.o):
boolule (makebool.o):
boolult (makebool.o):
callmain (callmain.o):
    crt0.o                    c64/crt0.s:9
condes (condes.o):
cputdirect (cputc.o):
ctypemask (ctypemask.o):
ctypemaskdirect (ctypemask.o):
    strlower.o                common/strlower.s:14
cursor (_cursor.o):
    cursor.o                  conio/cursor.s:8
    cgetc.o                   c64/cgetc.s:8
decsp1 (decsp1.o):
    KoalaClient.o             KoalaClient.s:1050
decsp2 (decsp2.o):
    KoalaClient.o             KoalaClient.s:1050
decsp3 (decsp3.o):
    KoalaClient.o             KoalaClient.s:1050
    KoalaClient.o             KoalaClient.s:1050
    KoalaClient.o             KoalaClient.s:1050
decsp4 (decsp4.o):
    lpush.o                   runtime/lpush.s:12
    KoalaClient.o             KoalaClient.s:1050
decsp5 (decsp5.o):
    KoalaClient.o             KoalaClient.s:1050
decsp6 (decsp6.o):
    _printf.o                 common/_printf.s:11
donelib (condes.o):
    crt0.o                    c64/crt0.s:8
gotoxy (gotoxy.o):
    cputc.o                   c64/cputc.s:10
incsp1 (incsp1.o):
    KoalaClient.o             KoalaClient.s:1050
incsp2 (incsp2.o):
    popptr1.o                 runtime/popptr1.s:8
    KoalaClient.o             KoalaClient.s:1050
incsp3 (incsp3.o):
    KoalaClient.o             KoalaClient.s:1050
incsp4 (incsp4.o):
    lcmp.o                    runtime/lcmp.s:9
    KoalaClient.o             KoalaClient.s:1050
incsp5 (incsp5.o):
    cbm_load.o                ../libwrk/c64/cbm_load.s:83
incsp6 (incsp6.o):
    KoalaClient.o             KoalaClient.s:1050
incsp7 (incsp7.o):
    KoalaClient.o             KoalaClient.s:1050
initlib (condes.o):
    crt0.o                    c64/crt0.s:8
ldax0sp (ldaxsp.o):
ldaxysp (ldaxsp.o):
    cbm_load.o                ../libwrk/c64/cbm_load.s:83
ldeax0sp (ldeaxysp.o):
    KoalaClient.o             KoalaClient.s:1050
ldeaxysp (ldeaxysp.o):
mulax10 (mulax10.o):
    KoalaClient.o             KoalaClient.s:1050
negeax (lneg.o):
    ltoa.o                    common/ltoa.s:9
newline (cputc.o):
plot (cputc.o):
    gotoxy.o                  cbm/gotoxy.s:8
popa (popa.o):
    c_setlfs.o                cbm/c_setlfs.s:12
    c_load.o                  cbm/c_load.s:11
    gotoxy.o                  cbm/gotoxy.s:8
    cbm_read.o                cbm/cbm_read.s:43
    cbm_open.o                cbm/cbm_open.s:24
popax (incsp2.o):
    ltoa.o                    common/ltoa.s:9
    _printf.o                 common/_printf.s:11
    vcprintf.o                conio/vcprintf.s:8
    strcpy.o                  common/strcpy.s:8
    strcat.o                  common/strcat.s:9
    cbm_read.o                cbm/cbm_read.s:43
popptr1 (popptr1.o):
    ltoa.o                    common/ltoa.s:9
    vcprintf.o                conio/vcprintf.s:8
ptr1 (zeropage.o):
    strlower.o                common/strlower.s:13
    popptr1.o                 runtime/popptr1.s:9
    ltoa.o                    common/ltoa.s:11
    lcmp.o                    runtime/lcmp.s:10
    c_setnam.o                cbm/c_setnam.s:10
    c_load.o                  cbm/c_load.s:12
    _printf.o                 /home/runner/work/cc65/cc65/asminc/zeropage.inc:12
    zerobss.o                 common/zerobss.s:9
    vcprintf.o                conio/vcprintf.s:10
    strcpy.o                  common/strcpy.s:9
    strcat.o                  common/strcat.s:10
    mulax10.o                 runtime/mulax10.s:9
    lmul.o                    runtime/lmul.s:10
    cprintf.o                 conio/cprintf.s:9
    cbm_read.o                cbm/cbm_read.s:42
    KoalaClient.o             KoalaClient.s:11
ptr2 (zeropage.o):
    strlower.o                common/strlower.s:13
    strlen.o                  common/strlen.s:12
    ltoa.o                    common/ltoa.s:11
    _printf.o                 /home/runner/work/cc65/cc65/asminc/zeropage.inc:12
    vcprintf.o                conio/vcprintf.s:10
    strcpy.o                  common/strcpy.s:9
    strcat.o                  common/strcat.s:10
    itoa.o                    common/itoa.s:11
    cbm_read.o                cbm/cbm_read.s:42
ptr3 (zeropage.o):
    ltoa.o                    common/ltoa.s:11
    vcprintf.o                conio/vcprintf.s:10
    lmul.o                    runtime/lmul.s:10
    itoa.o                    common/itoa.s:11
    cbm_read.o                cbm/cbm_read.s:42
ptr4 (zeropage.o):
    lmul.o                    runtime/lmul.s:10
push0 (pushax.o):
    KoalaClient.o             KoalaClient.s:1050
push0ax (lpush.o):
    KoalaClient.o             KoalaClient.s:1050
push1 (push1.o):
    _printf.o                 common/_printf.s:11
pusha (pusha.o):
    cbm_load.o                ../libwrk/c64/cbm_load.s:83
    KoalaClient.o             KoalaClient.s:1050
    KoalaClient.o             KoalaClient.s:1050
pusha0 (pushax.o):
    push1.o                   runtime/push1.s:8
    KoalaClient.o             KoalaClient.s:1050
pusha0sp (pusha.o):
pushax (pushax.o):
    callmain.o                runtime/callmain.s:11
    _printf.o                 common/_printf.s:11
    vcprintf.o                conio/vcprintf.s:8
    cprintf.o                 conio/cprintf.s:8
    cbm_load.o                ../libwrk/c64/cbm_load.s:83
    KoalaClient.o             KoalaClient.s:1050
    KoalaClient.o             KoalaClient.s:1050
    KoalaClient.o             KoalaClient.s:1050
    KoalaClient.o             KoalaClient.s:1050
    KoalaClient.o             KoalaClient.s:1050
    KoalaClient.o             KoalaClient.s:1050
    KoalaClient.o             KoalaClient.s:1050
    KoalaClient.o             KoalaClient.s:1050
    KoalaClient.o             KoalaClient.s:1050
pushaysp (pusha.o):
pusheax (lpush.o):
    _printf.o                 common/_printf.s:11
    KoalaClient.o             KoalaClient.s:1050
pushl0 (lpush.o):
pushw0sp (pushwsp.o):
pushwysp (pushwsp.o):
    KoalaClient.o             KoalaClient.s:1050
putchar (cputc.o):
regbank (zeropage.o):
    _printf.o                 /home/runner/work/cc65/cc65/asminc/zeropage.inc:14
regsave (zeropage.o):
sp (zeropage.o):
    popptr1.o                 runtime/popptr1.s:9
    lcmp.o                    runtime/lcmp.s:10
    decsp6.o                  runtime/decsp6.s:8
    addysp.o                  runtime/addysp.s:8
    _printf.o                 /home/runner/work/cc65/cc65/asminc/zeropage.inc:11
    vcprintf.o                conio/vcprintf.s:10
    subeqsp.o                 runtime/subeqsp.s:8
    staxsp.o                  runtime/staxsp.s:8
    pushwsp.o                 runtime/pushwsp.s:8
    pushax.o                  runtime/pushax.s:8
    pusha.o                   runtime/pusha.s:8
    popa.o                    runtime/popa.s:8
    lsub.o                    runtime/lsub.s:12
    lpush.o                   runtime/lpush.s:13
    lmul.o                    runtime/lmul.s:10
    ldeaxysp.o                runtime/ldeaxysp.s:12
    ldaxsp.o                  runtime/ldaxsp.s:8
    ladd.o                    runtime/ladd.s:9
    itoa.o                    common/itoa.s:11
    incsp2.o                  runtime/incsp2.s:8
    incsp1.o                  runtime/incsp1.s:8
    decsp5.o                  runtime/decsp5.s:8
    decsp4.o                  runtime/decsp4.s:8
    decsp3.o                  runtime/decsp3.s:8
    decsp2.o                  runtime/decsp2.s:8
    decsp1.o                  runtime/decsp1.s:8
    crt0.o                    /home/runner/work/cc65/cc65/asminc/zeropage.inc:11
    cprintf.o                 conio/cprintf.s:9
    cbm_load.o                ../libwrk/c64/cbm_load.s:10
    KoalaClient.o             KoalaClient.s:10
sreg (zeropage.o):
    lneg.o                    runtime/lneg.s:11
    ltoa.o                    common/ltoa.s:11
    lcmp.o                    runtime/lcmp.s:10
    axlong.o                  runtime/axlong.s:9
    _printf.o                 /home/runner/work/cc65/cc65/asminc/zeropage.inc:11
    lsub.o                    runtime/lsub.s:12
    lpush.o                   runtime/lpush.s:13
    lmul.o                    runtime/lmul.s:10
    ldeaxysp.o                runtime/ldeaxysp.s:12
    ladd.o                    runtime/ladd.s:9
    itoa.o                    common/itoa.s:11
    clock.o                   cbm/clock.s:9
    KoalaClient.o             KoalaClient.s:10
stax0sp (staxsp.o):
    KoalaClient.o             KoalaClient.s:1050
staxysp (staxsp.o):
    KoalaClient.o             KoalaClient.s:1050
subeq0sp (subeqsp.o):
subeqysp (subeqsp.o):
    KoalaClient.o             KoalaClient.s:1050
tmp1 (zeropage.o):
    ltoa.o                    common/ltoa.s:11
    c_setlfs.o                cbm/c_setlfs.s:13
    _printf.o                 /home/runner/work/cc65/cc65/asminc/zeropage.inc:13
    vcprintf.o                conio/vcprintf.s:10
    ladd.o                    runtime/ladd.s:9
    itoa.o                    common/itoa.s:11
    cbm_read.o                cbm/cbm_read.s:42
tmp2 (zeropage.o):
    lmul.o                    runtime/lmul.s:10
tmp3 (zeropage.o):
    strcat.o                  common/strcat.s:10
    lmul.o                    runtime/lmul.s:10
tmp4 (zeropage.o):
    lmul.o                    runtime/lmul.s:10
tosadd0ax (ladd.o):
tosaddeax (ladd.o):
    KoalaClient.o             KoalaClient.s:1050
tosgeeax (lge.o):
    KoalaClient.o             KoalaClient.s:1050
toslcmp (lcmp.o):
    lge.o                     runtime/lge.s:8
tosmul0ax (lmul.o):
tosmuleax (lmul.o):
tossub0ax (lsub.o):
tossubeax (lsub.o):
    KoalaClient.o             KoalaClient.s:1050
tosumul0ax (lmul.o):
    KoalaClient.o             KoalaClient.s:1050
tosumuleax (lmul.o):
zerobss (zerobss.o):
    crt0.o                    c64/crt0.s:9

