Modules list:
-------------
KoalaClient.o:
    CODE              Offs=000000  Size=0005A6  Align=00001  Fill=0000
    RODATA            Offs=000000  Size=000309  Align=00001  Fill=0000
    BSS               Offs=000000  Size=000000  Align=00001  Fill=0000
    DATA              Offs=000000  Size=000000  Align=00001  Fill=0000
    ZEROPAGE          Offs=000000  Size=000000  Align=00001  Fill=0000
    NULL              Offs=000000  Size=000000  Align=00001  Fill=0000
C:\cc65\lib/c64.lib(_cursor.o):
    CODE              Offs=0005A6  Size=000000  Align=00001  Fill=0000
    RODATA            Offs=000309  Size=000000  Align=00001  Fill=0000
    BSS               Offs=000000  Size=000001  Align=00001  Fill=0000
    DATA              Offs=000000  Size=000000  Align=00001  Fill=0000
    ZEROPAGE          Offs=000000  Size=000000  Align=00001  Fill=0000
    NULL              Offs=000000  Size=000000  Align=00001  Fill=0000
C:\cc65\lib/c64.lib(_hextab.o):
    CODE              Offs=0005A6  Size=000000  Align=00001  Fill=0000
    RODATA            Offs=000309  Size=000010  Align=00001  Fill=0000
    BSS               Offs=000001  Size=000000  Align=00001  Fill=0000
    DATA              Offs=000000  Size=000000  Align=00001  Fill=0000
    ZEROPAGE          Offs=000000  Size=000000  Align=00001  Fill=0000
    NULL              Offs=000000  Size=000000  Align=00001  Fill=0000
C:\cc65\lib/c64.lib(_longminstr.o):
    CODE              Offs=0005A6  Size=000000  Align=00001  Fill=0000
    RODATA            Offs=000319  Size=00000C  Align=00001  Fill=0000
    BSS               Offs=000001  Size=000000  Align=00001  Fill=0000
    DATA              Offs=000000  Size=000000  Align=00001  Fill=0000
    ZEROPAGE          Offs=000000  Size=000000  Align=00001  Fill=0000
    NULL              Offs=000000  Size=000000  Align=00001  Fill=0000
C:\cc65\lib/c64.lib(_oserror.o):
    CODE              Offs=0005A6  Size=000000  Align=00001  Fill=0000
    RODATA            Offs=000325  Size=000000  Align=00001  Fill=0000
    BSS               Offs=000001  Size=000001  Align=00001  Fill=0000
    DATA              Offs=000000  Size=000000  Align=00001  Fill=0000
    ZEROPAGE          Offs=000000  Size=000000  Align=00001  Fill=0000
    NULL              Offs=000000  Size=000000  Align=00001  Fill=0000
C:\cc65\lib/c64.lib(_printf.o):
    CODE              Offs=0005A6  Size=0003A4  Align=00001  Fill=0000
    RODATA            Offs=000325  Size=000000  Align=00001  Fill=0000
    BSS               Offs=000002  Size=00002B  Align=00001  Fill=0000
    DATA              Offs=000000  Size=000003  Align=00001  Fill=0000
    ZEROPAGE          Offs=000000  Size=000000  Align=00001  Fill=0000
    NULL              Offs=000000  Size=000000  Align=00001  Fill=0000
C:\cc65\lib/c64.lib(addeqsp.o):
    CODE              Offs=00094A  Size=000011  Align=00001  Fill=0000
    RODATA            Offs=000325  Size=000000  Align=00001  Fill=0000
    BSS               Offs=00002D  Size=000000  Align=00001  Fill=0000
    DATA              Offs=000003  Size=000000  Align=00001  Fill=0000
    ZEROPAGE          Offs=000000  Size=000000  Align=00001  Fill=0000
    NULL              Offs=000000  Size=000000  Align=00001  Fill=0000
C:\cc65\lib/c64.lib(addysp.o):
    CODE              Offs=00095B  Size=00000E  Align=00001  Fill=0000
    RODATA            Offs=000325  Size=000000  Align=00001  Fill=0000
    BSS               Offs=00002D  Size=000000  Align=00001  Fill=0000
    DATA              Offs=000003  Size=000000  Align=00001  Fill=0000
    ZEROPAGE          Offs=000000  Size=000000  Align=00001  Fill=0000
    NULL              Offs=000000  Size=000000  Align=00001  Fill=0000
C:\cc65\lib/c64.lib(axlong.o):
    CODE              Offs=000969  Size=00000D  Align=00001  Fill=0000
    RODATA            Offs=000325  Size=000000  Align=00001  Fill=0000
    BSS               Offs=00002D  Size=000000  Align=00001  Fill=0000
    DATA              Offs=000003  Size=000000  Align=00001  Fill=0000
    ZEROPAGE          Offs=000000  Size=000000  Align=00001  Fill=0000
    NULL              Offs=000000  Size=000000  Align=00001  Fill=0000
C:\cc65\lib/c64.lib(bordercolor.o):
    CODE              Offs=000976  Size=000008  Align=00001  Fill=0000
    RODATA            Offs=000325  Size=000000  Align=00001  Fill=0000
    BSS               Offs=00002D  Size=000000  Align=00001  Fill=0000
    DATA              Offs=000003  Size=000000  Align=00001  Fill=0000
    ZEROPAGE          Offs=000000  Size=000000  Align=00001  Fill=0000
    NULL              Offs=000000  Size=000000  Align=00001  Fill=0000
C:\cc65\lib/c64.lib(c_close.o):
    CODE              Offs=00097E  Size=000004  Align=00001  Fill=0000
    RODATA            Offs=000325  Size=000000  Align=00001  Fill=0000
    BSS               Offs=00002D  Size=000000  Align=00001  Fill=0000
    DATA              Offs=000003  Size=000000  Align=00001  Fill=0000
    ZEROPAGE          Offs=000000  Size=000000  Align=00001  Fill=0000
    NULL              Offs=000000  Size=000000  Align=00001  Fill=0000
C:\cc65\lib/c64.lib(c_load.o):
    CODE              Offs=000982  Size=00001D  Align=00001  Fill=0000
    RODATA            Offs=000325  Size=000000  Align=00001  Fill=0000
    BSS               Offs=00002D  Size=000000  Align=00001  Fill=0000
    DATA              Offs=000003  Size=000000  Align=00001  Fill=0000
    ZEROPAGE          Offs=000000  Size=000000  Align=00001  Fill=0000
    NULL              Offs=000000  Size=000000  Align=00001  Fill=0000
C:\cc65\lib/c64.lib(c_open.o):
    CODE              Offs=00099F  Size=000009  Align=00001  Fill=0000
    RODATA            Offs=000325  Size=000000  Align=00001  Fill=0000
    BSS               Offs=00002D  Size=000000  Align=00001  Fill=0000
    DATA              Offs=000003  Size=000000  Align=00001  Fill=0000
    ZEROPAGE          Offs=000000  Size=000000  Align=00001  Fill=0000
    NULL              Offs=000000  Size=000000  Align=00001  Fill=0000
C:\cc65\lib/c64.lib(c_setlfs.o):
    CODE              Offs=0009A8  Size=00000E  Align=00001  Fill=0000
    RODATA            Offs=000325  Size=000000  Align=00001  Fill=0000
    BSS               Offs=00002D  Size=000000  Align=00001  Fill=0000
    DATA              Offs=000003  Size=000000  Align=00001  Fill=0000
    ZEROPAGE          Offs=000000  Size=000000  Align=00001  Fill=0000
    NULL              Offs=000000  Size=000000  Align=00001  Fill=0000
C:\cc65\lib/c64.lib(c_setnam.o):
    CODE              Offs=0009B6  Size=000013  Align=00001  Fill=0000
    RODATA            Offs=000325  Size=000000  Align=00001  Fill=0000
    BSS               Offs=00002D  Size=000000  Align=00001  Fill=0000
    DATA              Offs=000003  Size=000000  Align=00001  Fill=0000
    ZEROPAGE          Offs=000000  Size=000000  Align=00001  Fill=0000
    NULL              Offs=000000  Size=000000  Align=00001  Fill=0000
C:\cc65\lib/c64.lib(callmain.o):
    CODE              Offs=0009C9  Size=000017  Align=00001  Fill=0000
    RODATA            Offs=000325  Size=000000  Align=00001  Fill=0000
    BSS               Offs=00002D  Size=000000  Align=00001  Fill=0000
    DATA              Offs=000003  Size=000004  Align=00001  Fill=0000
    ZEROPAGE          Offs=000000  Size=000000  Align=00001  Fill=0000
    NULL              Offs=000000  Size=000000  Align=00001  Fill=0000
C:\cc65\lib/c64.lib(cbm_close.o):
    CODE              Offs=0009E0  Size=000000  Align=00001  Fill=0000
    RODATA            Offs=000325  Size=000000  Align=00001  Fill=0000
    BSS               Offs=00002D  Size=000000  Align=00001  Fill=0000
    DATA              Offs=000007  Size=000000  Align=00001  Fill=0000
    ZEROPAGE          Offs=000000  Size=000000  Align=00001  Fill=0000
    NULL              Offs=000000  Size=000000  Align=00001  Fill=0000
C:\cc65\lib/c64.lib(cbm_load.o):
    CODE              Offs=0009E0  Size=000044  Align=00001  Fill=0000
    RODATA            Offs=000325  Size=000000  Align=00001  Fill=0000
    BSS               Offs=00002D  Size=000000  Align=00001  Fill=0000
    DATA              Offs=000007  Size=000000  Align=00001  Fill=0000
    ZEROPAGE          Offs=000000  Size=000000  Align=00001  Fill=0000
    NULL              Offs=000000  Size=000000  Align=00001  Fill=0000
C:\cc65\lib/c64.lib(cbm_open.o):
    CODE              Offs=000A24  Size=000010  Align=00001  Fill=0000
    RODATA            Offs=000325  Size=000000  Align=00001  Fill=0000
    BSS               Offs=00002D  Size=000000  Align=00001  Fill=0000
    DATA              Offs=000007  Size=000000  Align=00001  Fill=0000
    ZEROPAGE          Offs=000000  Size=000000  Align=00001  Fill=0000
    NULL              Offs=000000  Size=000000  Align=00001  Fill=0000
C:\cc65\lib/c64.lib(cbm_read.o):
    CODE              Offs=000A34  Size=00005B  Align=00001  Fill=0000
    RODATA            Offs=000325  Size=000000  Align=00001  Fill=0000
    BSS               Offs=00002D  Size=000000  Align=00001  Fill=0000
    DATA              Offs=000007  Size=000000  Align=00001  Fill=0000
    ZEROPAGE          Offs=000000  Size=000000  Align=00001  Fill=0000
    NULL              Offs=000000  Size=000000  Align=00001  Fill=0000
C:\cc65\lib/c64.lib(cgetc.o):
    CODE              Offs=000A8F  Size=000047  Align=00001  Fill=0000
    RODATA            Offs=000325  Size=000000  Align=00001  Fill=0000
    BSS               Offs=00002D  Size=000000  Align=00001  Fill=0000
    DATA              Offs=000007  Size=000000  Align=00001  Fill=0000
    ZEROPAGE          Offs=000000  Size=000000  Align=00001  Fill=0000
    NULL              Offs=000000  Size=000000  Align=00001  Fill=0000
C:\cc65\lib/c64.lib(clock.o):
    CODE              Offs=000AD6  Size=00000A  Align=00001  Fill=0000
    RODATA            Offs=000325  Size=000000  Align=00001  Fill=0000
    BSS               Offs=00002D  Size=000000  Align=00001  Fill=0000
    DATA              Offs=000007  Size=000000  Align=00001  Fill=0000
    ZEROPAGE          Offs=000000  Size=000000  Align=00001  Fill=0000
    NULL              Offs=000000  Size=000000  Align=00001  Fill=0000
C:\cc65\lib/c64.lib(clrscr.o):
    CODE              Offs=000AE0  Size=000000  Align=00001  Fill=0000
    RODATA            Offs=000325  Size=000000  Align=00001  Fill=0000
    BSS               Offs=00002D  Size=000000  Align=00001  Fill=0000
    DATA              Offs=000007  Size=000000  Align=00001  Fill=0000
    ZEROPAGE          Offs=000000  Size=000000  Align=00001  Fill=0000
    NULL              Offs=000000  Size=000000  Align=00001  Fill=0000
C:\cc65\lib/c64.lib(color.o):
    CODE              Offs=000AE0  Size=000010  Align=00001  Fill=0000
    RODATA            Offs=000325  Size=000000  Align=00001  Fill=0000
    BSS               Offs=00002D  Size=000000  Align=00001  Fill=0000
    DATA              Offs=000007  Size=000000  Align=00001  Fill=0000
    ZEROPAGE          Offs=000000  Size=000000  Align=00001  Fill=0000
    NULL              Offs=000000  Size=000000  Align=00001  Fill=0000
C:\cc65\lib/c64.lib(condes.o):
    CODE              Offs=000AF0  Size=00000C  Align=00001  Fill=0000
    RODATA            Offs=000325  Size=000000  Align=00001  Fill=0000
    BSS               Offs=00002D  Size=000000  Align=00001  Fill=0000
    DATA              Offs=000007  Size=000025  Align=00001  Fill=0000
    ZEROPAGE          Offs=000000  Size=000000  Align=00001  Fill=0000
    NULL              Offs=000000  Size=000000  Align=00001  Fill=0000
    ONCE              Offs=000000  Size=00000C  Align=00001  Fill=0000
C:\cc65\lib/c64.lib(conio.o):
    CODE              Offs=000AFC  Size=000000  Align=00001  Fill=0000
    RODATA            Offs=000325  Size=000000  Align=00001  Fill=0000
    BSS               Offs=00002D  Size=000000  Align=00001  Fill=0000
    DATA              Offs=00002C  Size=000000  Align=00001  Fill=0000
    ZEROPAGE          Offs=000000  Size=000000  Align=00001  Fill=0000
    NULL              Offs=000000  Size=000000  Align=00001  Fill=0000
C:\cc65\lib/c64.lib(cprintf.o):
    CODE              Offs=000AFC  Size=00002A  Align=00001  Fill=0000
    RODATA            Offs=000325  Size=000000  Align=00001  Fill=0000
    BSS               Offs=00002D  Size=000001  Align=00001  Fill=0000
    DATA              Offs=00002C  Size=000000  Align=00001  Fill=0000
    ZEROPAGE          Offs=000000  Size=000000  Align=00001  Fill=0000
    NULL              Offs=000000  Size=000000  Align=00001  Fill=0000
C:\cc65\lib/c64.lib(cputc.o):
    CODE              Offs=000B26  Size=00006D  Align=00001  Fill=0000
    RODATA            Offs=000325  Size=000000  Align=00001  Fill=0000
    BSS               Offs=00002E  Size=000000  Align=00001  Fill=0000
    DATA              Offs=00002C  Size=000000  Align=00001  Fill=0000
    ZEROPAGE          Offs=000000  Size=000000  Align=00001  Fill=0000
    NULL              Offs=000000  Size=000000  Align=00001  Fill=0000
C:\cc65\lib/c64.lib(crt0.o):
    CODE              Offs=000B93  Size=000000  Align=00001  Fill=0000
    RODATA            Offs=000325  Size=000000  Align=00001  Fill=0000
    BSS               Offs=00002E  Size=000000  Align=00001  Fill=0000
    DATA              Offs=00002C  Size=000000  Align=00001  Fill=0000
    ZEROPAGE          Offs=000000  Size=000000  Align=00001  Fill=0000
    NULL              Offs=000000  Size=000000  Align=00001  Fill=0000
    STARTUP           Offs=000000  Size=000033  Align=00001  Fill=0000
    ONCE              Offs=00000C  Size=00001A  Align=00001  Fill=0000
    INIT              Offs=000000  Size=00001C  Align=00001  Fill=0000
C:\cc65\lib/c64.lib(ctype.o):
    CODE              Offs=000B93  Size=000000  Align=00001  Fill=0000
    RODATA            Offs=000325  Size=00008B  Align=00001  Fill=0000
    BSS               Offs=00002E  Size=000000  Align=00001  Fill=0000
    DATA              Offs=00002C  Size=000000  Align=00001  Fill=0000
    ZEROPAGE          Offs=000000  Size=000000  Align=00001  Fill=0000
    NULL              Offs=000000  Size=000000  Align=00001  Fill=0000
C:\cc65\lib/c64.lib(ctypemask.o):
    CODE              Offs=000B93  Size=00001E  Align=00001  Fill=0000
    RODATA            Offs=0003B0  Size=000000  Align=00001  Fill=0000
    BSS               Offs=00002E  Size=000000  Align=00001  Fill=0000
    DATA              Offs=00002C  Size=000000  Align=00001  Fill=0000
    ZEROPAGE          Offs=000000  Size=000000  Align=00001  Fill=0000
    NULL              Offs=000000  Size=000000  Align=00001  Fill=0000
C:\cc65\lib/c64.lib(cursor.o):
    CODE              Offs=000BB1  Size=00000A  Align=00001  Fill=0000
    RODATA            Offs=0003B0  Size=000000  Align=00001  Fill=0000
    BSS               Offs=00002E  Size=000000  Align=00001  Fill=0000
    DATA              Offs=00002C  Size=000000  Align=00001  Fill=0000
    ZEROPAGE          Offs=000000  Size=000000  Align=00001  Fill=0000
    NULL              Offs=000000  Size=000000  Align=00001  Fill=0000
C:\cc65\lib/c64.lib(decsp2.o):
    CODE              Offs=000BBB  Size=00000D  Align=00001  Fill=0000
    RODATA            Offs=0003B0  Size=000000  Align=00001  Fill=0000
    BSS               Offs=00002E  Size=000000  Align=00001  Fill=0000
    DATA              Offs=00002C  Size=000000  Align=00001  Fill=0000
    ZEROPAGE          Offs=000000  Size=000000  Align=00001  Fill=0000
    NULL              Offs=000000  Size=000000  Align=00001  Fill=0000
C:\cc65\lib/c64.lib(decsp3.o):
    CODE              Offs=000BC8  Size=00000D  Align=00001  Fill=0000
    RODATA            Offs=0003B0  Size=000000  Align=00001  Fill=0000
    BSS               Offs=00002E  Size=000000  Align=00001  Fill=0000
    DATA              Offs=00002C  Size=000000  Align=00001  Fill=0000
    ZEROPAGE          Offs=000000  Size=000000  Align=00001  Fill=0000
    NULL              Offs=000000  Size=000000  Align=00001  Fill=0000
C:\cc65\lib/c64.lib(decsp4.o):
    CODE              Offs=000BD5  Size=00000D  Align=00001  Fill=0000
    RODATA            Offs=0003B0  Size=000000  Align=00001  Fill=0000
    BSS               Offs=00002E  Size=000000  Align=00001  Fill=0000
    DATA              Offs=00002C  Size=000000  Align=00001  Fill=0000
    ZEROPAGE          Offs=000000  Size=000000  Align=00001  Fill=0000
    NULL              Offs=000000  Size=000000  Align=00001  Fill=0000
C:\cc65\lib/c64.lib(decsp6.o):
    CODE              Offs=000BE2  Size=00000D  Align=00001  Fill=0000
    RODATA            Offs=0003B0  Size=000000  Align=00001  Fill=0000
    BSS               Offs=00002E  Size=000000  Align=00001  Fill=0000
    DATA              Offs=00002C  Size=000000  Align=00001  Fill=0000
    ZEROPAGE          Offs=000000  Size=000000  Align=00001  Fill=0000
    NULL              Offs=000000  Size=000000  Align=00001  Fill=0000
C:\cc65\lib/c64.lib(exehdr.o):
    CODE              Offs=000BEF  Size=000000  Align=00001  Fill=0000
    RODATA            Offs=0003B0  Size=000000  Align=00001  Fill=0000
    BSS               Offs=00002E  Size=000000  Align=00001  Fill=0000
    DATA              Offs=00002C  Size=000000  Align=00001  Fill=0000
    ZEROPAGE          Offs=000000  Size=000000  Align=00001  Fill=0000
    NULL              Offs=000000  Size=000000  Align=00001  Fill=0000
    EXEHDR            Offs=000000  Size=00000C  Align=00001  Fill=0000
C:\cc65\lib/c64.lib(gotoxy.o):
    CODE              Offs=000BEF  Size=00000D  Align=00001  Fill=0000
    RODATA            Offs=0003B0  Size=000000  Align=00001  Fill=0000
    BSS               Offs=00002E  Size=000000  Align=00001  Fill=0000
    DATA              Offs=00002C  Size=000000  Align=00001  Fill=0000
    ZEROPAGE          Offs=000000  Size=000000  Align=00001  Fill=0000
    NULL              Offs=000000  Size=000000  Align=00001  Fill=0000
C:\cc65\lib/c64.lib(incsp2.o):
    CODE              Offs=000BFC  Size=000016  Align=00001  Fill=0000
    RODATA            Offs=0003B0  Size=000000  Align=00001  Fill=0000
    BSS               Offs=00002E  Size=000000  Align=00001  Fill=0000
    DATA              Offs=00002C  Size=000000  Align=00001  Fill=0000
    ZEROPAGE          Offs=000000  Size=000000  Align=00001  Fill=0000
    NULL              Offs=000000  Size=000000  Align=00001  Fill=0000
C:\cc65\lib/c64.lib(incsp3.o):
    CODE              Offs=000C12  Size=000005  Align=00001  Fill=0000
    RODATA            Offs=0003B0  Size=000000  Align=00001  Fill=0000
    BSS               Offs=00002E  Size=000000  Align=00001  Fill=0000
    DATA              Offs=00002C  Size=000000  Align=00001  Fill=0000
    ZEROPAGE          Offs=000000  Size=000000  Align=00001  Fill=0000
    NULL              Offs=000000  Size=000000  Align=00001  Fill=0000
C:\cc65\lib/c64.lib(incsp4.o):
    CODE              Offs=000C17  Size=000005  Align=00001  Fill=0000
    RODATA            Offs=0003B0  Size=000000  Align=00001  Fill=0000
    BSS               Offs=00002E  Size=000000  Align=00001  Fill=0000
    DATA              Offs=00002C  Size=000000  Align=00001  Fill=0000
    ZEROPAGE          Offs=000000  Size=000000  Align=00001  Fill=0000
    NULL              Offs=000000  Size=000000  Align=00001  Fill=0000
C:\cc65\lib/c64.lib(incsp5.o):
    CODE              Offs=000C1C  Size=000005  Align=00001  Fill=0000
    RODATA            Offs=0003B0  Size=000000  Align=00001  Fill=0000
    BSS               Offs=00002E  Size=000000  Align=00001  Fill=0000
    DATA              Offs=00002C  Size=000000  Align=00001  Fill=0000
    ZEROPAGE          Offs=000000  Size=000000  Align=00001  Fill=0000
    NULL              Offs=000000  Size=000000  Align=00001  Fill=0000
C:\cc65\lib/c64.lib(incsp6.o):
    CODE              Offs=000C21  Size=000005  Align=00001  Fill=0000
    RODATA            Offs=0003B0  Size=000000  Align=00001  Fill=0000
    BSS               Offs=00002E  Size=000000  Align=00001  Fill=0000
    DATA              Offs=00002C  Size=000000  Align=00001  Fill=0000
    ZEROPAGE          Offs=000000  Size=000000  Align=00001  Fill=0000
    NULL              Offs=000000  Size=000000  Align=00001  Fill=0000
C:\cc65\lib/c64.lib(incsp7.o):
    CODE              Offs=000C26  Size=000005  Align=00001  Fill=0000
    RODATA            Offs=0003B0  Size=000000  Align=00001  Fill=0000
    BSS               Offs=00002E  Size=000000  Align=00001  Fill=0000
    DATA              Offs=00002C  Size=000000  Align=00001  Fill=0000
    ZEROPAGE          Offs=000000  Size=000000  Align=00001  Fill=0000
    NULL              Offs=000000  Size=000000  Align=00001  Fill=0000
C:\cc65\lib/c64.lib(itoa.o):
    CODE              Offs=000C2B  Size=000094  Align=00001  Fill=0000
    RODATA            Offs=0003B0  Size=000007  Align=00001  Fill=0000
    BSS               Offs=00002E  Size=000000  Align=00001  Fill=0000
    DATA              Offs=00002C  Size=000000  Align=00001  Fill=0000
    ZEROPAGE          Offs=000000  Size=000000  Align=00001  Fill=0000
    NULL              Offs=000000  Size=000000  Align=00001  Fill=0000
C:\cc65\lib/c64.lib(kbhit.o):
    CODE              Offs=000CBF  Size=000009  Align=00001  Fill=0000
    RODATA            Offs=0003B7  Size=000000  Align=00001  Fill=0000
    BSS               Offs=00002E  Size=000000  Align=00001  Fill=0000
    DATA              Offs=00002C  Size=000000  Align=00001  Fill=0000
    ZEROPAGE          Offs=000000  Size=000000  Align=00001  Fill=0000
    NULL              Offs=000000  Size=000000  Align=00001  Fill=0000
C:\cc65\lib/c64.lib(kernal.o):
    CODE              Offs=000CC8  Size=000000  Align=00001  Fill=0000
    RODATA            Offs=0003B7  Size=000000  Align=00001  Fill=0000
    BSS               Offs=00002E  Size=000000  Align=00001  Fill=0000
    DATA              Offs=00002C  Size=000000  Align=00001  Fill=0000
    ZEROPAGE          Offs=000000  Size=000000  Align=00001  Fill=0000
    NULL              Offs=000000  Size=000000  Align=00001  Fill=0000
C:\cc65\lib/c64.lib(kplot.o):
    CODE              Offs=000CC8  Size=00000B  Align=00001  Fill=0000
    RODATA            Offs=0003B7  Size=000000  Align=00001  Fill=0000
    BSS               Offs=00002E  Size=000000  Align=00001  Fill=0000
    DATA              Offs=00002C  Size=000000  Align=00001  Fill=0000
    ZEROPAGE          Offs=000000  Size=000000  Align=00001  Fill=0000
    NULL              Offs=000000  Size=000000  Align=00001  Fill=0000
C:\cc65\lib/c64.lib(ladd.o):
    CODE              Offs=000CD3  Size=000025  Align=00001  Fill=0000
    RODATA            Offs=0003B7  Size=000000  Align=00001  Fill=0000
    BSS               Offs=00002E  Size=000000  Align=00001  Fill=0000
    DATA              Offs=00002C  Size=000000  Align=00001  Fill=0000
    ZEROPAGE          Offs=000000  Size=000000  Align=00001  Fill=0000
    NULL              Offs=000000  Size=000000  Align=00001  Fill=0000
C:\cc65\lib/c64.lib(lcmp.o):
    CODE              Offs=000CF8  Size=00003B  Align=00001  Fill=0000
    RODATA            Offs=0003B7  Size=000000  Align=00001  Fill=0000
    BSS               Offs=00002E  Size=000000  Align=00001  Fill=0000
    DATA              Offs=00002C  Size=000000  Align=00001  Fill=0000
    ZEROPAGE          Offs=000000  Size=000000  Align=00001  Fill=0000
    NULL              Offs=000000  Size=000000  Align=00001  Fill=0000
C:\cc65\lib/c64.lib(ldaxsp.o):
    CODE              Offs=000D33  Size=000009  Align=00001  Fill=0000
    RODATA            Offs=0003B7  Size=000000  Align=00001  Fill=0000
    BSS               Offs=00002E  Size=000000  Align=00001  Fill=0000
    DATA              Offs=00002C  Size=000000  Align=00001  Fill=0000
    ZEROPAGE          Offs=000000  Size=000000  Align=00001  Fill=0000
    NULL              Offs=000000  Size=000000  Align=00001  Fill=0000
C:\cc65\lib/c64.lib(ldeaxysp.o):
    CODE              Offs=000D3C  Size=000013  Align=00001  Fill=0000
    RODATA            Offs=0003B7  Size=000000  Align=00001  Fill=0000
    BSS               Offs=00002E  Size=000000  Align=00001  Fill=0000
    DATA              Offs=00002C  Size=000000  Align=00001  Fill=0000
    ZEROPAGE          Offs=000000  Size=000000  Align=00001  Fill=0000
    NULL              Offs=000000  Size=000000  Align=00001  Fill=0000
C:\cc65\lib/c64.lib(lge.o):
    CODE              Offs=000D4F  Size=000006  Align=00001  Fill=0000
    RODATA            Offs=0003B7  Size=000000  Align=00001  Fill=0000
    BSS               Offs=00002E  Size=000000  Align=00001  Fill=0000
    DATA              Offs=00002C  Size=000000  Align=00001  Fill=0000
    ZEROPAGE          Offs=000000  Size=000000  Align=00001  Fill=0000
    NULL              Offs=000000  Size=000000  Align=00001  Fill=0000
C:\cc65\lib/c64.lib(lmul.o):
    CODE              Offs=000D55  Size=00005C  Align=00001  Fill=0000
    RODATA            Offs=0003B7  Size=000000  Align=00001  Fill=0000
    BSS               Offs=00002E  Size=000000  Align=00001  Fill=0000
    DATA              Offs=00002C  Size=000000  Align=00001  Fill=0000
    ZEROPAGE          Offs=000000  Size=000000  Align=00001  Fill=0000
    NULL              Offs=000000  Size=000000  Align=00001  Fill=0000
C:\cc65\lib/c64.lib(lneg.o):
    CODE              Offs=000DB1  Size=00001E  Align=00001  Fill=0000
    RODATA            Offs=0003B7  Size=000000  Align=00001  Fill=0000
    BSS               Offs=00002E  Size=000000  Align=00001  Fill=0000
    DATA              Offs=00002C  Size=000000  Align=00001  Fill=0000
    ZEROPAGE          Offs=000000  Size=000000  Align=00001  Fill=0000
    NULL              Offs=000000  Size=000000  Align=00001  Fill=0000
C:\cc65\lib/c64.lib(loadaddr.o):
    CODE              Offs=000DCF  Size=000000  Align=00001  Fill=0000
    RODATA            Offs=0003B7  Size=000000  Align=00001  Fill=0000
    BSS               Offs=00002E  Size=000000  Align=00001  Fill=0000
    DATA              Offs=00002C  Size=000000  Align=00001  Fill=0000
    ZEROPAGE          Offs=000000  Size=000000  Align=00001  Fill=0000
    NULL              Offs=000000  Size=000000  Align=00001  Fill=0000
    LOADADDR          Offs=000000  Size=000002  Align=00001  Fill=0000
C:\cc65\lib/c64.lib(lpush.o):
    CODE              Offs=000DCF  Size=000021  Align=00001  Fill=0000
    RODATA            Offs=0003B7  Size=000000  Align=00001  Fill=0000
    BSS               Offs=00002E  Size=000000  Align=00001  Fill=0000
    DATA              Offs=00002C  Size=000000  Align=00001  Fill=0000
    ZEROPAGE          Offs=000000  Size=000000  Align=00001  Fill=0000
    NULL              Offs=000000  Size=000000  Align=00001  Fill=0000
C:\cc65\lib/c64.lib(lsub.o):
    CODE              Offs=000DF0  Size=000027  Align=00001  Fill=0000
    RODATA            Offs=0003B7  Size=000000  Align=00001  Fill=0000
    BSS               Offs=00002E  Size=000000  Align=00001  Fill=0000
    DATA              Offs=00002C  Size=000000  Align=00001  Fill=0000
    ZEROPAGE          Offs=000000  Size=000000  Align=00001  Fill=0000
    NULL              Offs=000000  Size=000000  Align=00001  Fill=0000
C:\cc65\lib/c64.lib(ltoa.o):
    CODE              Offs=000E17  Size=000095  Align=00001  Fill=0000
    RODATA            Offs=0003B7  Size=000000  Align=00001  Fill=0000
    BSS               Offs=00002E  Size=000000  Align=00001  Fill=0000
    DATA              Offs=00002C  Size=000000  Align=00001  Fill=0000
    ZEROPAGE          Offs=000000  Size=000000  Align=00001  Fill=0000
    NULL              Offs=000000  Size=000000  Align=00001  Fill=0000
C:\cc65\lib/c64.lib(makebool.o):
    CODE              Offs=000EAC  Size=00002C  Align=00001  Fill=0000
    RODATA            Offs=0003B7  Size=000000  Align=00001  Fill=0000
    BSS               Offs=00002E  Size=000000  Align=00001  Fill=0000
    DATA              Offs=00002C  Size=000000  Align=00001  Fill=0000
    ZEROPAGE          Offs=000000  Size=000000  Align=00001  Fill=0000
    NULL              Offs=000000  Size=000000  Align=00001  Fill=0000
C:\cc65\lib/c64.lib(mulax10.o):
    CODE              Offs=000ED8  Size=000019  Align=00001  Fill=0000
    RODATA            Offs=0003B7  Size=000000  Align=00001  Fill=0000
    BSS               Offs=00002E  Size=000000  Align=00001  Fill=0000
    DATA              Offs=00002C  Size=000000  Align=00001  Fill=0000
    ZEROPAGE          Offs=000000  Size=000000  Align=00001  Fill=0000
    NULL              Offs=000000  Size=000000  Align=00001  Fill=0000
C:\cc65\lib/c64.lib(popa.o):
    CODE              Offs=000EF1  Size=00000C  Align=00001  Fill=0000
    RODATA            Offs=0003B7  Size=000000  Align=00001  Fill=0000
    BSS               Offs=00002E  Size=000000  Align=00001  Fill=0000
    DATA              Offs=00002C  Size=000000  Align=00001  Fill=0000
    ZEROPAGE          Offs=000000  Size=000000  Align=00001  Fill=0000
    NULL              Offs=000000  Size=000000  Align=00001  Fill=0000
C:\cc65\lib/c64.lib(popptr1.o):
    CODE              Offs=000EFD  Size=00000E  Align=00001  Fill=0000
    RODATA            Offs=0003B7  Size=000000  Align=00001  Fill=0000
    BSS               Offs=00002E  Size=000000  Align=00001  Fill=0000
    DATA              Offs=00002C  Size=000000  Align=00001  Fill=0000
    ZEROPAGE          Offs=000000  Size=000000  Align=00001  Fill=0000
    NULL              Offs=000000  Size=000000  Align=00001  Fill=0000
C:\cc65\lib/c64.lib(push1.o):
    CODE              Offs=000F0B  Size=000005  Align=00001  Fill=0000
    RODATA            Offs=0003B7  Size=000000  Align=00001  Fill=0000
    BSS               Offs=00002E  Size=000000  Align=00001  Fill=0000
    DATA              Offs=00002C  Size=000000  Align=00001  Fill=0000
    ZEROPAGE          Offs=000000  Size=000000  Align=00001  Fill=0000
    NULL              Offs=000000  Size=000000  Align=00001  Fill=0000
C:\cc65\lib/c64.lib(pusha.o):
    CODE              Offs=000F10  Size=000016  Align=00001  Fill=0000
    RODATA            Offs=0003B7  Size=000000  Align=00001  Fill=0000
    BSS               Offs=00002E  Size=000000  Align=00001  Fill=0000
    DATA              Offs=00002C  Size=000000  Align=00001  Fill=0000
    ZEROPAGE          Offs=000000  Size=000000  Align=00001  Fill=0000
    NULL              Offs=000000  Size=000000  Align=00001  Fill=0000
C:\cc65\lib/c64.lib(pushax.o):
    CODE              Offs=000F26  Size=00001A  Align=00001  Fill=0000
    RODATA            Offs=0003B7  Size=000000  Align=00001  Fill=0000
    BSS               Offs=00002E  Size=000000  Align=00001  Fill=0000
    DATA              Offs=00002C  Size=000000  Align=00001  Fill=0000
    ZEROPAGE          Offs=000000  Size=000000  Align=00001  Fill=0000
    NULL              Offs=000000  Size=000000  Align=00001  Fill=0000
C:\cc65\lib/c64.lib(pushwsp.o):
    CODE              Offs=000F40  Size=00001C  Align=00001  Fill=0000
    RODATA            Offs=0003B7  Size=000000  Align=00001  Fill=0000
    BSS               Offs=00002E  Size=000000  Align=00001  Fill=0000
    DATA              Offs=00002C  Size=000000  Align=00001  Fill=0000
    ZEROPAGE          Offs=000000  Size=000000  Align=00001  Fill=0000
    NULL              Offs=000000  Size=000000  Align=00001  Fill=0000
C:\cc65\lib/c64.lib(status.o):
    CODE              Offs=000F5C  Size=000000  Align=00001  Fill=0000
    RODATA            Offs=0003B7  Size=000000  Align=00001  Fill=0000
    BSS               Offs=00002E  Size=000000  Align=00001  Fill=0000
    DATA              Offs=00002C  Size=000000  Align=00001  Fill=0000
    ZEROPAGE          Offs=000000  Size=000000  Align=00001  Fill=0000
    NULL              Offs=000000  Size=000000  Align=00001  Fill=0000
C:\cc65\lib/c64.lib(staxsp.o):
    CODE              Offs=000F5C  Size=00000B  Align=00001  Fill=0000
    RODATA            Offs=0003B7  Size=000000  Align=00001  Fill=0000
    BSS               Offs=00002E  Size=000000  Align=00001  Fill=0000
    DATA              Offs=00002C  Size=000000  Align=00001  Fill=0000
    ZEROPAGE          Offs=000000  Size=000000  Align=00001  Fill=0000
    NULL              Offs=000000  Size=000000  Align=00001  Fill=0000
C:\cc65\lib/c64.lib(strcat.o):
    CODE              Offs=000F67  Size=000031  Align=00001  Fill=0000
    RODATA            Offs=0003B7  Size=000000  Align=00001  Fill=0000
    BSS               Offs=00002E  Size=000000  Align=00001  Fill=0000
    DATA              Offs=00002C  Size=000000  Align=00001  Fill=0000
    ZEROPAGE          Offs=000000  Size=000000  Align=00001  Fill=0000
    NULL              Offs=000000  Size=000000  Align=00001  Fill=0000
C:\cc65\lib/c64.lib(strcpy.o):
    CODE              Offs=000F98  Size=00001F  Align=00001  Fill=0000
    RODATA            Offs=0003B7  Size=000000  Align=00001  Fill=0000
    BSS               Offs=00002E  Size=000000  Align=00001  Fill=0000
    DATA              Offs=00002C  Size=000000  Align=00001  Fill=0000
    ZEROPAGE          Offs=000000  Size=000000  Align=00001  Fill=0000
    NULL              Offs=000000  Size=000000  Align=00001  Fill=0000
C:\cc65\lib/c64.lib(strlen.o):
    CODE              Offs=000FB7  Size=000016  Align=00001  Fill=0000
    RODATA            Offs=0003B7  Size=000000  Align=00001  Fill=0000
    BSS               Offs=00002E  Size=000000  Align=00001  Fill=0000
    DATA              Offs=00002C  Size=000000  Align=00001  Fill=0000
    ZEROPAGE          Offs=000000  Size=000000  Align=00001  Fill=0000
    NULL              Offs=000000  Size=000000  Align=00001  Fill=0000
C:\cc65\lib/c64.lib(strlower.o):
    CODE              Offs=000FCD  Size=000027  Align=00001  Fill=0000
    RODATA            Offs=0003B7  Size=000000  Align=00001  Fill=0000
    BSS               Offs=00002E  Size=000000  Align=00001  Fill=0000
    DATA              Offs=00002C  Size=000000  Align=00001  Fill=0000
    ZEROPAGE          Offs=000000  Size=000000  Align=00001  Fill=0000
    NULL              Offs=000000  Size=000000  Align=00001  Fill=0000
C:\cc65\lib/c64.lib(subeqsp.o):
    CODE              Offs=000FF4  Size=000015  Align=00001  Fill=0000
    RODATA            Offs=0003B7  Size=000000  Align=00001  Fill=0000
    BSS               Offs=00002E  Size=000000  Align=00001  Fill=0000
    DATA              Offs=00002C  Size=000000  Align=00001  Fill=0000
    ZEROPAGE          Offs=000000  Size=000000  Align=00001  Fill=0000
    NULL              Offs=000000  Size=000000  Align=00001  Fill=0000
C:\cc65\lib/c64.lib(subysp.o):
    CODE              Offs=001009  Size=00000D  Align=00001  Fill=0000
    RODATA            Offs=0003B7  Size=000000  Align=00001  Fill=0000
    BSS               Offs=00002E  Size=000000  Align=00001  Fill=0000
    DATA              Offs=00002C  Size=000000  Align=00001  Fill=0000
    ZEROPAGE          Offs=000000  Size=000000  Align=00001  Fill=0000
    NULL              Offs=000000  Size=000000  Align=00001  Fill=0000
C:\cc65\lib/c64.lib(vcprintf.o):
    CODE              Offs=001016  Size=000078  Align=00001  Fill=0000
    RODATA            Offs=0003B7  Size=000000  Align=00001  Fill=0000
    BSS               Offs=00002E  Size=000000  Align=00001  Fill=0000
    DATA              Offs=00002C  Size=000008  Align=00001  Fill=0000
    ZEROPAGE          Offs=000000  Size=000000  Align=00001  Fill=0000
    NULL              Offs=000000  Size=000000  Align=00001  Fill=0000
C:\cc65\lib/c64.lib(zerobss.o):
    CODE              Offs=00108E  Size=000023  Align=00001  Fill=0000
    RODATA            Offs=0003B7  Size=000000  Align=00001  Fill=0000
    BSS               Offs=00002E  Size=000000  Align=00001  Fill=0000
    DATA              Offs=000034  Size=000000  Align=00001  Fill=0000
    ZEROPAGE          Offs=000000  Size=000000  Align=00001  Fill=0000
    NULL              Offs=000000  Size=000000  Align=00001  Fill=0000
C:\cc65\lib/c64.lib(zeropage.o):
    CODE              Offs=0010B1  Size=000000  Align=00001  Fill=0000
    RODATA            Offs=0003B7  Size=000000  Align=00001  Fill=0000
    BSS               Offs=00002E  Size=000000  Align=00001  Fill=0000
    DATA              Offs=000034  Size=000000  Align=00001  Fill=0000
    ZEROPAGE          Offs=000000  Size=00001A  Align=00001  Fill=0000
    NULL              Offs=000000  Size=000000  Align=00001  Fill=0000


Segment list:
-------------
Name                   Start     End    Size  Align
----------------------------------------------------
NULL                  000000  000000  000000  00001
ZEROPAGE              000002  00001B  00001A  00001
LOADADDR              0007FF  000800  000002  00001
EXEHDR                000801  00080C  00000C  00001
STARTUP               00080D  00083F  000033  00001
CODE                  000840  0018F0  0010B1  00001
RODATA                0018F1  001CA7  0003B7  00001
DATA                  001CA8  001CDB  000034  00001
INIT                  001CDC  001CF7  00001C  00001
BSS                   001CF8  001D25  00002E  00001
ONCE                  001CF8  001D1D  000026  00001


Exports list by name:
---------------------
ACPTR                     00FFA5  LA    BASIN                     00FFCF RLA    
BSOUT                     00FFD2 RLA    CHKIN                     00FFC6 RLA    
CHRIN                     00FFCF  LA    CHROUT                    00FFD2  LA    
CINT                      00FF81  LA    CIOUT                     00FFA8  LA    
CKOUT                     00FFC9  LA    CLALL                     00FFE7  LA    
CLOSE                     00FFC3 RLA    CLRCH                     00FFCC RLA    
CLRSCR                    00E544  LA    CURS_X                    0000D3 RLZ    
CURS_Y                    0000D6 RLZ    GETIN                     00FFE4  LA    
IOBASE                    00FFF3  LA    IOINIT                    00FF84  LA    
KBDREAD                   00E5B4  LA    LISTEN                    00FFB1  LA    
LOAD                      00FFD5 RLA    MEMBOT                    00FF9C  LA    
MEMTOP                    00FF99  LA    NMIEXIT                   00FEBC  LA    
OPEN                      00FFC0 RLA    PLOT                      001508 RLA    
RAMTAS                    00FF87  LA    RDTIM                     00FFDE RLA    
READST                    00FFB7 RLA    RESTOR                    00FF8A  LA    
SAVE                      00FFD8  LA    SCNKEY                    00FF9F  LA    
SCREEN                    00FFED  LA    SECOND                    00FF93  LA    
SETLFS                    00FFBA RLA    SETMSG                    00FF90  LA    
SETNAM                    00FFBD RLA    SETTIM                    00FFDB  LA    
SETTMO                    00FFA2  LA    ST                        000090 RLZ    
STOP                      00FFE1  LA    TALK                      00FFB4  LA    
TKSA                      00FF96  LA    UDTIM                     00FFEA  LA    
UNLSN                     00FFAE  LA    UNTLK                     00FFAB  LA    
UPDCRAMPTR                00EA24  LA    VECTOR                    00FF8D  LA    
_LoadKoalaPictureAndDisplay 0008CE  LA    __BSS_LOAD__              001CF8  LA    
__BSS_RUN__               001CF8 RLA    __BSS_SIZE__              00002E REA    
__CONSTRUCTOR_COUNT__     000000 REA    __CONSTRUCTOR_TABLE__     001D1E RLA    
__DESTRUCTOR_COUNT__      000000 REA    __DESTRUCTOR_TABLE__      001CA8 RLA    
__EXEHDR__                000001 REA    __HEADER_FILEOFFS__       000002  EA    
__HEADER_LAST__           00080D RLA    __HEADER_SIZE__           00000D  EA    
__HEADER_START__          000801  LA    __HIMEM__                 00D000 REA    
__KOALA_FILEOFFS__        000000  EA    __KOALA_LAST__            002000  LA    
__KOALA_SIZE__            001F40  EA    __KOALA_START__           002000  LA    
__KOALA__                 002000 REA    __LOADADDR__              000001 REA    
__MAIN_FILEOFFS__         00000E  EA    __MAIN_LAST__             001D1E  LA    
__MAIN_SIZE__             0017F3 REA    __MAIN_START__            00080D RLA    
__ONCE_LOAD__             001CF8  LA    __ONCE_RUN__              001CF8 RLA    
__ONCE_SIZE__             000026  EA    __STACKSIZE__             000800 REA    
__STARTUP__               000001 REA    __ZP_FILEOFFS__           000000  EA    
__ZP_LAST__               00001C  LA    __ZP_SIZE__               00001A  EA    
__ZP_START__              000002  LA    ___oserror                001CF9 RLA    
__argc                    001CAB  LA    __argv                    001CAD  LA    
__ctype                   001C16 RLA    __ctypeidx                001C21 RLA    
__hextab                  001BFA RLA    __longminstr              001C0A RLA    
__printf                  000ED9 RLA    _bgcolor                  001328 RLA    
_bordercolor              0011B6 RLA    _cbm_close                0011BE REA    
_cbm_k_close              0011BE RLA    _cbm_k_load               0011C2 RLA    
_cbm_k_open               0011DF RLA    _cbm_k_setlfs             0011E8 RLA    
_cbm_k_setnam             0011F6 RLA    _cbm_load                 001220 RLA    
_cbm_open                 001264 RLA    _cbm_read                 001274 RLA    
_cgetc                    0012CF RLA    _clock                    001316 RLA    
_clrscr                   00E544 REA    _cprintf                  00133C RLA    
_cputc                    00136B RLA    _cputcxy                  001366  LA    
_cursor                   0013F1 RLA    _error                    0008AF  LA    
_exit                     000825  LA    _gotoxy                   001432  LA    
_input_int                000A58  LA    _itoa                     001489 RLA    
_kbhit                    0014FF RLA    _koala_screen             000A2E  LA    
_loadtoram                000840  LA    _ltoa                     00166F RLA    
_main                     000B22 RLA    _pause_on_shift           000B1C  LA    
_sleep_or_key             000ACA  LA    _strcat                   0017A7 RLA    
_strcpy                   0017D8 RLA    _strlen                   0017F7 RLA    
_strlower                 00180D RLA    _strlwr                   00180D  LA    
_text_screen              000A3E  LA    _textcolor                001320 RLA    
_ultoa                    0016B0 RLA    _utoa                     0014CB  LA    
_vcprintf                 00189E RLA    addeq0sp                  00118A  LA    
addeqysp                  00118C RLA    addysp                    00119C RLA    
addysp1                   00119B RLA    axlong                    0011A9 RLA    
axulong                   0011AF RLA    booleq                    0016F2 RLA    
boolge                    001703 RLA    boolgt                    001701  LA    
boolle                    0016F9  LA    boollt                    0016FB  LA    
boolne                    0016EC  LA    booluge                   001713  LA    
boolugt                   001711  LA    boolule                   001709  LA    
boolult                   00170B  LA    callmain                  001209 RLA    
condes                    001CAF  LA    cputdirect                00138A  LA    
ctypemask                 0013D3  LA    ctypemaskdirect           0013D7 RLA    
cursor                    001CF8 RLA    decsp2                    0013FB RLA    
decsp3                    001408 RLA    decsp4                    001415 RLA    
decsp6                    001422 RLA    donelib                   001330 RLA    
gotoxy                    00142F RLA    incsp2                    001444 RLA    
incsp3                    001452 RLA    incsp4                    001457 RLA    
incsp5                    00145C RLA    incsp6                    001461 RLA    
incsp7                    001466 RLA    initlib                   001CF8 RLA    
ldax0sp                   001573  LA    ldaxysp                   001575 RLA    
ldeax0sp                  00157C RLA    ldeaxysp                  00157E  LA    
mulax10                   001718 RLA    negeax                    0015F1 RLA    
newline                   00139A  LA    plot                      0013BF RLA    
popa                      001731 RLA    popax                     00143C RLA    
popptr1                   00173D RLA    ptr1                      00000A RLZ    
ptr2                      00000C RLZ    ptr3                      00000E RLZ    
ptr4                      000010 RLZ    push0                     001766 RLA    
push0ax                   001612 RLA    push1                     00174B RLA    
pusha                     001754 RLA    pusha0                    001768 RLA    
pusha0sp                  001750  LA    pushax                    00176A RLA    
pushaysp                  001752  LA    pusheax                   001618 RLA    
pushl0                    00160F  LA    pushw0sp                  001780  LA    
pushwysp                  001782 RLA    putchar                   0013C7  LA    
regbank                   000016 RLZ    regsave                   000006  LZ    
sp                        000002 RLZ    sreg                      000004 RLZ    
stax0sp                   00179C RLA    staxysp                   00179E RLA    
subeq0sp                  001834  LA    subeqysp                  001836 RLA    
subysp                    001849 RLA    tmp1                      000012 RLZ    
tmp2                      000013 RLZ    tmp3                      000014 RLZ    
tmp4                      000015 RLZ    tosadd0ax                 001513  LA    
tosaddeax                 001519 RLA    tosgeeax                  00158F RLA    
toslcmp                   001538 RLA    tosmul0ax                 001595  LA    
tosmuleax                 00159B  LA    tossub0ax                 001630  LA    
tossubeax                 001636 RLA    tosumul0ax                001595 RLA    
tosumuleax                00159B  LA    zerobss                   0018CE RLA    



Exports list by value:
----------------------
__DESTRUCTOR_COUNT__      000000 REA    __CONSTRUCTOR_COUNT__     000000 REA    
__ZP_FILEOFFS__           000000  EA    __KOALA_FILEOFFS__        000000  EA    
__EXEHDR__                000001 REA    __STARTUP__               000001 REA    
__LOADADDR__              000001 REA    sp                        000002 RLZ    
__HEADER_FILEOFFS__       000002  EA    __ZP_START__              000002  LA    
sreg                      000004 RLZ    regsave                   000006  LZ    
ptr1                      00000A RLZ    ptr2                      00000C RLZ    
__HEADER_SIZE__           00000D  EA    __MAIN_FILEOFFS__         00000E  EA    
ptr3                      00000E RLZ    ptr4                      000010 RLZ    
tmp1                      000012 RLZ    tmp2                      000013 RLZ    
tmp3                      000014 RLZ    tmp4                      000015 RLZ    
regbank                   000016 RLZ    __ZP_SIZE__               00001A  EA    
__ZP_LAST__               00001C  LA    __ONCE_SIZE__             000026  EA    
__BSS_SIZE__              00002E REA    ST                        000090 RLZ    
CURS_X                    0000D3 RLZ    CURS_Y                    0000D6 RLZ    
__STACKSIZE__             000800 REA    __HEADER_START__          000801  LA    
__HEADER_LAST__           00080D RLA    __MAIN_START__            00080D RLA    
_exit                     000825  LA    _loadtoram                000840  LA    
_error                    0008AF  LA    _LoadKoalaPictureAndDisplay 0008CE  LA    
_koala_screen             000A2E  LA    _text_screen              000A3E  LA    
_input_int                000A58  LA    _sleep_or_key             000ACA  LA    
_pause_on_shift           000B1C  LA    _main                     000B22 RLA    
__printf                  000ED9 RLA    addeq0sp                  00118A  LA    
addeqysp                  00118C RLA    addysp1                   00119B RLA    
addysp                    00119C RLA    axlong                    0011A9 RLA    
axulong                   0011AF RLA    _bordercolor              0011B6 RLA    
_cbm_close                0011BE REA    _cbm_k_close              0011BE RLA    
_cbm_k_load               0011C2 RLA    _cbm_k_open               0011DF RLA    
_cbm_k_setlfs             0011E8 RLA    _cbm_k_setnam             0011F6 RLA    
callmain                  001209 RLA    _cbm_load                 001220 RLA    
_cbm_open                 001264 RLA    _cbm_read                 001274 RLA    
_cgetc                    0012CF RLA    _clock                    001316 RLA    
_textcolor                001320 RLA    _bgcolor                  001328 RLA    
donelib                   001330 RLA    _cprintf                  00133C RLA    
_cputcxy                  001366  LA    _cputc                    00136B RLA    
cputdirect                00138A  LA    newline                   00139A  LA    
plot                      0013BF RLA    putchar                   0013C7  LA    
ctypemask                 0013D3  LA    ctypemaskdirect           0013D7 RLA    
_cursor                   0013F1 RLA    decsp2                    0013FB RLA    
decsp3                    001408 RLA    decsp4                    001415 RLA    
decsp6                    001422 RLA    gotoxy                    00142F RLA    
_gotoxy                   001432  LA    popax                     00143C RLA    
incsp2                    001444 RLA    incsp3                    001452 RLA    
incsp4                    001457 RLA    incsp5                    00145C RLA    
incsp6                    001461 RLA    incsp7                    001466 RLA    
_itoa                     001489 RLA    _utoa                     0014CB  LA    
_kbhit                    0014FF RLA    PLOT                      001508 RLA    
tosadd0ax                 001513  LA    tosaddeax                 001519 RLA    
toslcmp                   001538 RLA    ldax0sp                   001573  LA    
ldaxysp                   001575 RLA    ldeax0sp                  00157C RLA    
ldeaxysp                  00157E  LA    tosgeeax                  00158F RLA    
tosmul0ax                 001595  LA    tosumul0ax                001595 RLA    
tosumuleax                00159B  LA    tosmuleax                 00159B  LA    
negeax                    0015F1 RLA    pushl0                    00160F  LA    
push0ax                   001612 RLA    pusheax                   001618 RLA    
tossub0ax                 001630  LA    tossubeax                 001636 RLA    
_ltoa                     00166F RLA    _ultoa                    0016B0 RLA    
boolne                    0016EC  LA    booleq                    0016F2 RLA    
boolle                    0016F9  LA    boollt                    0016FB  LA    
boolgt                    001701  LA    boolge                    001703 RLA    
boolule                   001709  LA    boolult                   00170B  LA    
boolugt                   001711  LA    booluge                   001713  LA    
mulax10                   001718 RLA    popa                      001731 RLA    
popptr1                   00173D RLA    push1                     00174B RLA    
pusha0sp                  001750  LA    pushaysp                  001752  LA    
pusha                     001754 RLA    push0                     001766 RLA    
pusha0                    001768 RLA    pushax                    00176A RLA    
pushw0sp                  001780  LA    pushwysp                  001782 RLA    
stax0sp                   00179C RLA    staxysp                   00179E RLA    
_strcat                   0017A7 RLA    _strcpy                   0017D8 RLA    
__MAIN_SIZE__             0017F3 REA    _strlen                   0017F7 RLA    
_strlower                 00180D RLA    _strlwr                   00180D  LA    
subeq0sp                  001834  LA    subeqysp                  001836 RLA    
subysp                    001849 RLA    _vcprintf                 00189E RLA    
zerobss                   0018CE RLA    __hextab                  001BFA RLA    
__longminstr              001C0A RLA    __ctype                   001C16 RLA    
__ctypeidx                001C21 RLA    __DESTRUCTOR_TABLE__      001CA8 RLA    
__argc                    001CAB  LA    __argv                    001CAD  LA    
condes                    001CAF  LA    cursor                    001CF8 RLA    
initlib                   001CF8 RLA    __ONCE_RUN__              001CF8 RLA    
__ONCE_LOAD__             001CF8  LA    __BSS_RUN__               001CF8 RLA    
__BSS_LOAD__              001CF8  LA    ___oserror                001CF9 RLA    
__CONSTRUCTOR_TABLE__     001D1E RLA    __MAIN_LAST__             001D1E  LA    
__KOALA_SIZE__            001F40  EA    __KOALA__                 002000 REA    
__KOALA_LAST__            002000  LA    __KOALA_START__           002000  LA    
__HIMEM__                 00D000 REA    CLRSCR                    00E544  LA    
_clrscr                   00E544 REA    KBDREAD                   00E5B4  LA    
UPDCRAMPTR                00EA24  LA    NMIEXIT                   00FEBC  LA    
CINT                      00FF81  LA    IOINIT                    00FF84  LA    
RAMTAS                    00FF87  LA    RESTOR                    00FF8A  LA    
VECTOR                    00FF8D  LA    SETMSG                    00FF90  LA    
SECOND                    00FF93  LA    TKSA                      00FF96  LA    
MEMTOP                    00FF99  LA    MEMBOT                    00FF9C  LA    
SCNKEY                    00FF9F  LA    SETTMO                    00FFA2  LA    
ACPTR                     00FFA5  LA    CIOUT                     00FFA8  LA    
UNTLK                     00FFAB  LA    UNLSN                     00FFAE  LA    
LISTEN                    00FFB1  LA    TALK                      00FFB4  LA    
READST                    00FFB7 RLA    SETLFS                    00FFBA RLA    
SETNAM                    00FFBD RLA    OPEN                      00FFC0 RLA    
CLOSE                     00FFC3 RLA    CHKIN                     00FFC6 RLA    
CKOUT                     00FFC9  LA    CLRCH                     00FFCC RLA    
BASIN                     00FFCF RLA    CHRIN                     00FFCF  LA    
CHROUT                    00FFD2  LA    BSOUT                     00FFD2 RLA    
LOAD                      00FFD5 RLA    SAVE                      00FFD8  LA    
SETTIM                    00FFDB  LA    RDTIM                     00FFDE RLA    
STOP                      00FFE1  LA    GETIN                     00FFE4  LA    
CLALL                     00FFE7  LA    UDTIM                     00FFEA  LA    
SCREEN                    00FFED  LA    IOBASE                    00FFF3  LA    



Imports list:
-------------
ACPTR (kernal.o):
BASIN (kernal.o):
    cbm_read.o                cbm/cbm.inc:47
BSOUT (kernal.o):
    crt0.o                    c64/crt0.s:10
CHKIN (kernal.o):
    cbm_read.o                cbm/cbm.inc:44
CHRIN (kernal.o):
CHROUT (kernal.o):
CINT (kernal.o):
CIOUT (kernal.o):
CKOUT (kernal.o):
CLALL (kernal.o):
CLOSE (kernal.o):
    c_close.o                 cbm/cbm.inc:36
CLRCH (kernal.o):
    cbm_read.o                cbm/cbm.inc:46
CLRSCR (kernal.o):
CURS_X (conio.o):
    gotoxy.o                  cbm/gotoxy.s:9
CURS_Y (conio.o):
    gotoxy.o                  cbm/gotoxy.s:9
GETIN (kernal.o):
IOBASE (kernal.o):
IOINIT (kernal.o):
KBDREAD (kernal.o):
LISTEN (kernal.o):
LOAD (kernal.o):
    c_load.o                  cbm/cbm.inc:37
MEMBOT (kernal.o):
MEMTOP (kernal.o):
NMIEXIT (kernal.o):
OPEN (kernal.o):
    c_open.o                  cbm/cbm.inc:35
PLOT (kplot.o):
    cputc.o                   c64/cputc.s:11
RAMTAS (kernal.o):
RDTIM (kernal.o):
    clock.o                   cbm/cbm.inc:40
READST (kernal.o):
    cbm_read.o                cbm/cbm.inc:32
RESTOR (kernal.o):
SAVE (kernal.o):
SCNKEY (kernal.o):
SCREEN (kernal.o):
SECOND (kernal.o):
SETLFS (kernal.o):
    c_setlfs.o                cbm/cbm.inc:33
SETMSG (kernal.o):
SETNAM (kernal.o):
    c_setnam.o                cbm/cbm.inc:34
SETTIM (kernal.o):
SETTMO (kernal.o):
ST (status.o):
    crt0.o                    c64/crt0.s:13
STOP (kernal.o):
TALK (kernal.o):
TKSA (kernal.o):
UDTIM (kernal.o):
UNLSN (kernal.o):
UNTLK (kernal.o):
UPDCRAMPTR (kernal.o):
VECTOR (kernal.o):
_LoadKoalaPictureAndDisplay (KoalaClient.o):
__BSS_LOAD__ ([linker generated]):
__BSS_RUN__ ([linker generated]):
    zerobss.o                 common/zerobss.s:8
__BSS_SIZE__ ([linker generated]):
    zerobss.o                 common/zerobss.s:8
__CONSTRUCTOR_COUNT__ ([linker generated]):
    condes.o                  runtime/condes.s:18
__CONSTRUCTOR_TABLE__ ([linker generated]):
    condes.o                  runtime/condes.s:18
__DESTRUCTOR_COUNT__ ([linker generated]):
    condes.o                  runtime/condes.s:19
__DESTRUCTOR_TABLE__ ([linker generated]):
    condes.o                  runtime/condes.s:19
__EXEHDR__ (exehdr.o):
    [linker generated]        c64-koala.cfg:6
__HEADER_FILEOFFS__ ([linker generated]):
__HEADER_LAST__ ([linker generated]):
    [linker generated]        c64-koala.cfg:15
    [linker generated]        c64-koala.cfg:15
__HEADER_SIZE__ ([linker generated]):
__HEADER_START__ ([linker generated]):
__HIMEM__ ([linker generated]):
    [linker generated]        c64-koala.cfg:17
__KOALA_FILEOFFS__ ([linker generated]):
__KOALA_LAST__ ([linker generated]):
__KOALA_SIZE__ ([linker generated]):
__KOALA_START__ ([linker generated]):
__KOALA__ ([linker generated]):
    [linker generated]        c64-koala.cfg:16
    [linker generated]        c64-koala.cfg:15
__LOADADDR__ (loadaddr.o):
    [linker generated]        c64-koala.cfg:5
__MAIN_FILEOFFS__ ([linker generated]):
__MAIN_LAST__ ([linker generated]):
__MAIN_SIZE__ ([linker generated]):
    crt0.o                    c64/crt0.s:11
__MAIN_START__ ([linker generated]):
    crt0.o                    c64/crt0.s:11
__ONCE_LOAD__ ([linker generated]):
__ONCE_RUN__ ([linker generated]):
    [linker generated]        c64-koala.cfg:17
    [linker generated]        c64-koala.cfg:17
__ONCE_SIZE__ ([linker generated]):
__STACKSIZE__ ([linker generated]):
    [linker generated]        c64-koala.cfg:17
__STARTUP__ (crt0.o):
    KoalaClient.o             KoalaClient.s:13
__ZP_FILEOFFS__ ([linker generated]):
__ZP_LAST__ ([linker generated]):
__ZP_SIZE__ ([linker generated]):
__ZP_START__ ([linker generated]):
___oserror (_oserror.o):
    c_load.o                  cbm/c_load.s:10
    cbm_read.o                cbm/cbm_read.s:44
    cbm_open.o                cbm/cbm_open.s:26
__argc (callmain.o):
__argv (callmain.o):
__ctype (ctype.o):
    ctypemask.o               common/ctypemask.s:23
__ctypeidx (ctype.o):
    ctypemask.o               common/ctypemask.s:24
__hextab (_hextab.o):
    ltoa.o                    common/ltoa.s:10
    itoa.o                    common/itoa.s:10
__longminstr (_longminstr.o):
    ltoa.o                    common/ltoa.s:10
__printf (_printf.o):
    vcprintf.o                conio/vcprintf.s:9
_bgcolor (color.o):
    KoalaClient.o             KoalaClient.s:24
_bordercolor (bordercolor.o):
    KoalaClient.o             KoalaClient.s:25
_cbm_close (cbm_close.o):
    KoalaClient.o             KoalaClient.s:16
_cbm_k_close (c_close.o):
    cbm_close.o               cbm/cbm_close.s:7
_cbm_k_load (c_load.o):
    cbm_load.o                ../libwrk/c64/cbm_load.s:24
_cbm_k_open (c_open.o):
    cbm_open.o                cbm/cbm_open.s:25
_cbm_k_setlfs (c_setlfs.o):
    cbm_open.o                cbm/cbm_open.s:25
    cbm_load.o                ../libwrk/c64/cbm_load.s:25
_cbm_k_setnam (c_setnam.o):
    cbm_open.o                cbm/cbm_open.s:25
    cbm_load.o                ../libwrk/c64/cbm_load.s:26
_cbm_load (cbm_load.o):
    KoalaClient.o             KoalaClient.s:14
_cbm_open (cbm_open.o):
    KoalaClient.o             KoalaClient.s:15
_cbm_read (cbm_read.o):
    KoalaClient.o             KoalaClient.s:17
_cgetc (cgetc.o):
    KoalaClient.o             KoalaClient.s:21
_clock (clock.o):
    KoalaClient.o             KoalaClient.s:29
_clrscr (clrscr.o):
    KoalaClient.o             KoalaClient.s:18
_cprintf (cprintf.o):
    KoalaClient.o             KoalaClient.s:20
_cputc (cputc.o):
    vcprintf.o                conio/vcprintf.s:9
_cputcxy (cputc.o):
_cursor (cursor.o):
    KoalaClient.o             KoalaClient.s:22
_error (KoalaClient.o):
_exit (crt0.o):
_gotoxy (gotoxy.o):
_input_int (KoalaClient.o):
_itoa (itoa.o):
    KoalaClient.o             KoalaClient.s:26
_kbhit (kbhit.o):
    KoalaClient.o             KoalaClient.s:19
_koala_screen (KoalaClient.o):
_loadtoram (KoalaClient.o):
_ltoa (ltoa.o):
    _printf.o                 common/_printf.s:12
_main (KoalaClient.o):
    callmain.o                runtime/callmain.s:11
_pause_on_shift (KoalaClient.o):
_sleep_or_key (KoalaClient.o):
_strcat (strcat.o):
    KoalaClient.o             KoalaClient.s:27
_strcpy (strcpy.o):
    KoalaClient.o             KoalaClient.s:28
_strlen (strlen.o):
    _printf.o                 common/_printf.s:13
_strlower (strlower.o):
    _printf.o                 common/_printf.s:13
_strlwr (strlower.o):
_text_screen (KoalaClient.o):
_textcolor (color.o):
    KoalaClient.o             KoalaClient.s:23
_ultoa (ltoa.o):
    _printf.o                 common/_printf.s:12
_utoa (itoa.o):
_vcprintf (vcprintf.o):
    cprintf.o                 conio/cprintf.s:8
addeq0sp (addeqsp.o):
addeqysp (addeqsp.o):
    KoalaClient.o             KoalaClient.s:928
addysp (addysp.o):
    incsp4.o                  runtime/incsp4.s:8
    incsp7.o                  runtime/incsp7.s:8
    incsp6.o                  runtime/incsp6.s:8
    incsp5.o                  runtime/incsp5.s:8
    incsp3.o                  runtime/incsp3.s:8
    cprintf.o                 conio/cprintf.s:8
    KoalaClient.o             KoalaClient.s:928
addysp1 (addysp.o):
    lsub.o                    runtime/lsub.s:11
    lmul.o                    runtime/lmul.s:9
    ladd.o                    runtime/ladd.s:8
    itoa.o                    common/itoa.s:9
axlong (axlong.o):
    _printf.o                 common/_printf.s:11
axulong (axlong.o):
    _printf.o                 common/_printf.s:11
booleq (makebool.o):
    cbm_load.o                ../libwrk/c64/cbm_load.s:83
boolge (makebool.o):
    lge.o                     runtime/lge.s:8
boolgt (makebool.o):
boolle (makebool.o):
boollt (makebool.o):
boolne (makebool.o):
booluge (makebool.o):
boolugt (makebool.o):
boolule (makebool.o):
boolult (makebool.o):
callmain (callmain.o):
    crt0.o                    c64/crt0.s:9
condes (condes.o):
cputdirect (cputc.o):
ctypemask (ctypemask.o):
ctypemaskdirect (ctypemask.o):
    strlower.o                common/strlower.s:14
cursor (_cursor.o):
    cursor.o                  conio/cursor.s:8
    cgetc.o                   c64/cgetc.s:8
decsp2 (decsp2.o):
    KoalaClient.o             KoalaClient.s:928
decsp3 (decsp3.o):
    KoalaClient.o             KoalaClient.s:928
    KoalaClient.o             KoalaClient.s:928
    KoalaClient.o             KoalaClient.s:928
decsp4 (decsp4.o):
    lpush.o                   runtime/lpush.s:12
    KoalaClient.o             KoalaClient.s:928
decsp6 (decsp6.o):
    _printf.o                 common/_printf.s:11
donelib (condes.o):
    crt0.o                    c64/crt0.s:8
gotoxy (gotoxy.o):
    cputc.o                   c64/cputc.s:10
incsp2 (incsp2.o):
    popptr1.o                 runtime/popptr1.s:8
    KoalaClient.o             KoalaClient.s:928
incsp3 (incsp3.o):
    KoalaClient.o             KoalaClient.s:928
incsp4 (incsp4.o):
    lcmp.o                    runtime/lcmp.s:9
incsp5 (incsp5.o):
    cbm_load.o                ../libwrk/c64/cbm_load.s:83
    KoalaClient.o             KoalaClient.s:928
incsp6 (incsp6.o):
    KoalaClient.o             KoalaClient.s:928
incsp7 (incsp7.o):
    KoalaClient.o             KoalaClient.s:928
initlib (condes.o):
    crt0.o                    c64/crt0.s:8
ldax0sp (ldaxsp.o):
ldaxysp (ldaxsp.o):
    cbm_load.o                ../libwrk/c64/cbm_load.s:83
ldeax0sp (ldeaxysp.o):
    KoalaClient.o             KoalaClient.s:928
ldeaxysp (ldeaxysp.o):
mulax10 (mulax10.o):
    KoalaClient.o             KoalaClient.s:928
negeax (lneg.o):
    ltoa.o                    common/ltoa.s:9
newline (cputc.o):
plot (cputc.o):
    gotoxy.o                  cbm/gotoxy.s:8
popa (popa.o):
    gotoxy.o                  cbm/gotoxy.s:8
    c_setlfs.o                cbm/c_setlfs.s:12
    c_load.o                  cbm/c_load.s:11
    cbm_read.o                cbm/cbm_read.s:43
    cbm_open.o                cbm/cbm_open.s:24
popax (incsp2.o):
    ltoa.o                    common/ltoa.s:9
    _printf.o                 common/_printf.s:11
    vcprintf.o                conio/vcprintf.s:8
    strcpy.o                  common/strcpy.s:8
    strcat.o                  common/strcat.s:9
    cbm_read.o                cbm/cbm_read.s:43
popptr1 (popptr1.o):
    ltoa.o                    common/ltoa.s:9
    vcprintf.o                conio/vcprintf.s:8
ptr1 (zeropage.o):
    strlower.o                common/strlower.s:13
    popptr1.o                 runtime/popptr1.s:9
    ltoa.o                    common/ltoa.s:11
    lcmp.o                    runtime/lcmp.s:10
    c_setnam.o                cbm/c_setnam.s:10
    c_load.o                  cbm/c_load.s:12
    _printf.o                 /home/runner/work/cc65/cc65/asminc/zeropage.inc:12
    zerobss.o                 common/zerobss.s:9
    vcprintf.o                conio/vcprintf.s:10
    strcpy.o                  common/strcpy.s:9
    strcat.o                  common/strcat.s:10
    mulax10.o                 runtime/mulax10.s:9
    lmul.o                    runtime/lmul.s:10
    cprintf.o                 conio/cprintf.s:9
    cbm_read.o                cbm/cbm_read.s:42
    KoalaClient.o             KoalaClient.s:11
ptr2 (zeropage.o):
    strlower.o                common/strlower.s:13
    strlen.o                  common/strlen.s:12
    ltoa.o                    common/ltoa.s:11
    _printf.o                 /home/runner/work/cc65/cc65/asminc/zeropage.inc:12
    vcprintf.o                conio/vcprintf.s:10
    strcpy.o                  common/strcpy.s:9
    strcat.o                  common/strcat.s:10
    itoa.o                    common/itoa.s:11
    cbm_read.o                cbm/cbm_read.s:42
ptr3 (zeropage.o):
    ltoa.o                    common/ltoa.s:11
    vcprintf.o                conio/vcprintf.s:10
    lmul.o                    runtime/lmul.s:10
    itoa.o                    common/itoa.s:11
    cbm_read.o                cbm/cbm_read.s:42
ptr4 (zeropage.o):
    lmul.o                    runtime/lmul.s:10
push0 (pushax.o):
    KoalaClient.o             KoalaClient.s:928
    KoalaClient.o             KoalaClient.s:928
push0ax (lpush.o):
    KoalaClient.o             KoalaClient.s:928
push1 (push1.o):
    _printf.o                 common/_printf.s:11
pusha (pusha.o):
    cbm_load.o                ../libwrk/c64/cbm_load.s:83
    KoalaClient.o             KoalaClient.s:928
    KoalaClient.o             KoalaClient.s:928
pusha0 (pushax.o):
    push1.o                   runtime/push1.s:8
    KoalaClient.o             KoalaClient.s:928
    KoalaClient.o             KoalaClient.s:928
pusha0sp (pusha.o):
pushax (pushax.o):
    callmain.o                runtime/callmain.s:11
    _printf.o                 common/_printf.s:11
    vcprintf.o                conio/vcprintf.s:8
    cprintf.o                 conio/cprintf.s:8
    cbm_load.o                ../libwrk/c64/cbm_load.s:83
    KoalaClient.o             KoalaClient.s:928
    KoalaClient.o             KoalaClient.s:928
    KoalaClient.o             KoalaClient.s:928
    KoalaClient.o             KoalaClient.s:928
    KoalaClient.o             KoalaClient.s:928
    KoalaClient.o             KoalaClient.s:928
pushaysp (pusha.o):
pusheax (lpush.o):
    _printf.o                 common/_printf.s:11
    KoalaClient.o             KoalaClient.s:928
pushl0 (lpush.o):
pushw0sp (pushwsp.o):
pushwysp (pushwsp.o):
    KoalaClient.o             KoalaClient.s:928
    KoalaClient.o             KoalaClient.s:928
putchar (cputc.o):
regbank (zeropage.o):
    _printf.o                 /home/runner/work/cc65/cc65/asminc/zeropage.inc:14
regsave (zeropage.o):
sp (zeropage.o):
    popptr1.o                 runtime/popptr1.s:9
    lcmp.o                    runtime/lcmp.s:10
    decsp6.o                  runtime/decsp6.s:8
    _printf.o                 /home/runner/work/cc65/cc65/asminc/zeropage.inc:11
    vcprintf.o                conio/vcprintf.s:10
    subysp.o                  runtime/subysp.s:9
    subeqsp.o                 runtime/subeqsp.s:8
    staxsp.o                  runtime/staxsp.s:8
    pushwsp.o                 runtime/pushwsp.s:8
    pushax.o                  runtime/pushax.s:8
    pusha.o                   runtime/pusha.s:8
    popa.o                    runtime/popa.s:8
    lsub.o                    runtime/lsub.s:12
    lpush.o                   runtime/lpush.s:13
    lmul.o                    runtime/lmul.s:10
    ldeaxysp.o                runtime/ldeaxysp.s:12
    ldaxsp.o                  runtime/ldaxsp.s:8
    ladd.o                    runtime/ladd.s:9
    itoa.o                    common/itoa.s:11
    incsp2.o                  runtime/incsp2.s:8
    decsp4.o                  runtime/decsp4.s:8
    decsp3.o                  runtime/decsp3.s:8
    decsp2.o                  runtime/decsp2.s:8
    crt0.o                    /home/runner/work/cc65/cc65/asminc/zeropage.inc:11
    cprintf.o                 conio/cprintf.s:9
    cbm_load.o                ../libwrk/c64/cbm_load.s:10
    addysp.o                  runtime/addysp.s:8
    addeqsp.o                 runtime/addeqsp.s:8
    KoalaClient.o             KoalaClient.s:10
sreg (zeropage.o):
    lneg.o                    runtime/lneg.s:11
    ltoa.o                    common/ltoa.s:11
    lcmp.o                    runtime/lcmp.s:10
    axlong.o                  runtime/axlong.s:9
    _printf.o                 /home/runner/work/cc65/cc65/asminc/zeropage.inc:11
    lsub.o                    runtime/lsub.s:12
    lpush.o                   runtime/lpush.s:13
    lmul.o                    runtime/lmul.s:10
    ldeaxysp.o                runtime/ldeaxysp.s:12
    ladd.o                    runtime/ladd.s:9
    itoa.o                    common/itoa.s:11
    clock.o                   cbm/clock.s:9
    KoalaClient.o             KoalaClient.s:10
stax0sp (staxsp.o):
    KoalaClient.o             KoalaClient.s:928
staxysp (staxsp.o):
    KoalaClient.o             KoalaClient.s:928
    KoalaClient.o             KoalaClient.s:928
subeq0sp (subeqsp.o):
subeqysp (subeqsp.o):
    KoalaClient.o             KoalaClient.s:928
    KoalaClient.o             KoalaClient.s:928
subysp (subysp.o):
    KoalaClient.o             KoalaClient.s:928
tmp1 (zeropage.o):
    ltoa.o                    common/ltoa.s:11
    c_setlfs.o                cbm/c_setlfs.s:13
    _printf.o                 /home/runner/work/cc65/cc65/asminc/zeropage.inc:13
    vcprintf.o                conio/vcprintf.s:10
    ladd.o                    runtime/ladd.s:9
    itoa.o                    common/itoa.s:11
    cbm_read.o                cbm/cbm_read.s:42
tmp2 (zeropage.o):
    lmul.o                    runtime/lmul.s:10
tmp3 (zeropage.o):
    strcat.o                  common/strcat.s:10
    lmul.o                    runtime/lmul.s:10
tmp4 (zeropage.o):
    lmul.o                    runtime/lmul.s:10
tosadd0ax (ladd.o):
tosaddeax (ladd.o):
    KoalaClient.o             KoalaClient.s:928
tosgeeax (lge.o):
    KoalaClient.o             KoalaClient.s:928
toslcmp (lcmp.o):
    lge.o                     runtime/lge.s:8
tosmul0ax (lmul.o):
tosmuleax (lmul.o):
tossub0ax (lsub.o):
tossubeax (lsub.o):
    KoalaClient.o             KoalaClient.s:928
tosumul0ax (lmul.o):
    KoalaClient.o             KoalaClient.s:928
tosumuleax (lmul.o):
zerobss (zerobss.o):
    crt0.o                    c64/crt0.s:9

